Component: ARM Compiler 6.16 Tool: armlink [5dfeaa00]

==============================================================================

Section Cross References

    startup_stm32g030xx.o(RESET) refers to startup_stm32g030xx.o(STACK) for __initial_sp
    startup_stm32g030xx.o(RESET) refers to startup_stm32g030xx.o(.text) for Reset_Handler
    startup_stm32g030xx.o(RESET) refers to stm32g0xx_it.o(.text.NMI_Handler) for NMI_Handler
    startup_stm32g030xx.o(RESET) refers to stm32g0xx_it.o(.text.HardFault_Handler) for HardFault_Handler
    startup_stm32g030xx.o(RESET) refers to stm32g0xx_it.o(.text.SVC_Handler) for SVC_Handler
    startup_stm32g030xx.o(RESET) refers to stm32g0xx_it.o(.text.PendSV_Handler) for PendSV_Handler
    startup_stm32g030xx.o(RESET) refers to stm32g0xx_it.o(.text.SysTick_Handler) for SysTick_Handler
    startup_stm32g030xx.o(RESET) refers to stm32g0xx_it.o(.text.EXTI2_3_IRQHandler) for EXTI2_3_IRQHandler
    startup_stm32g030xx.o(RESET) refers to stm32g0xx_it.o(.text.DMA1_Channel1_IRQHandler) for DMA1_Channel1_IRQHandler
    startup_stm32g030xx.o(RESET) refers to stm32g0xx_it.o(.text.DMA1_Channel2_3_IRQHandler) for DMA1_Channel2_3_IRQHandler
    startup_stm32g030xx.o(RESET) refers to stm32g0xx_it.o(.text.USART2_IRQHandler) for USART2_IRQHandler
    startup_stm32g030xx.o(.text) refers to system_stm32g0xx.o(.text.SystemInit) for SystemInit
    startup_stm32g030xx.o(.text) refers to entry.o(.ARM.Collect$$$$00000000) for __main
    main.o(.text.main) refers to stm32g0xx_hal.o(.text.HAL_Init) for HAL_Init
    main.o(.text.main) refers to main.o(.text.SystemClock_Config) for SystemClock_Config
    main.o(.text.main) refers to main.o(.text.MX_GPIO_Init) for MX_GPIO_Init
    main.o(.text.main) refers to main.o(.text.MX_DMA_Init) for MX_DMA_Init
    main.o(.text.main) refers to main.o(.text.MX_USART1_UART_Init) for MX_USART1_UART_Init
    main.o(.text.main) refers to main.o(.text.MX_USART2_UART_Init) for MX_USART2_UART_Init
    main.o(.text.main) refers to air551g.o(.text.air551g_init) for air551g_init
    main.o(.ARM.exidx.text.main) refers to main.o(.text.main) for [Anonymous Symbol]
    main.o(.text.SystemClock_Config) refers to memseta.o(.text) for __aeabi_memclr4
    main.o(.text.SystemClock_Config) refers to stm32g0xx_hal_pwr_ex.o(.text.HAL_PWREx_ControlVoltageScaling) for HAL_PWREx_ControlVoltageScaling
    main.o(.text.SystemClock_Config) refers to stm32g0xx_hal_rcc.o(.text.HAL_RCC_OscConfig) for HAL_RCC_OscConfig
    main.o(.text.SystemClock_Config) refers to stm32g0xx_hal_rcc.o(.text.HAL_RCC_ClockConfig) for HAL_RCC_ClockConfig
    main.o(.text.SystemClock_Config) refers to main.o(.text.Error_Handler) for Error_Handler
    main.o(.ARM.exidx.text.SystemClock_Config) refers to main.o(.text.SystemClock_Config) for [Anonymous Symbol]
    main.o(.text.MX_GPIO_Init) refers to stm32g0xx_hal_gpio.o(.text.HAL_GPIO_WritePin) for HAL_GPIO_WritePin
    main.o(.text.MX_GPIO_Init) refers to stm32g0xx_hal_gpio.o(.text.HAL_GPIO_Init) for HAL_GPIO_Init
    main.o(.text.MX_GPIO_Init) refers to stm32g0xx_hal_cortex.o(.text.HAL_NVIC_SetPriority) for HAL_NVIC_SetPriority
    main.o(.text.MX_GPIO_Init) refers to stm32g0xx_hal_cortex.o(.text.HAL_NVIC_EnableIRQ) for HAL_NVIC_EnableIRQ
    main.o(.ARM.exidx.text.MX_GPIO_Init) refers to main.o(.text.MX_GPIO_Init) for [Anonymous Symbol]
    main.o(.text.MX_DMA_Init) refers to stm32g0xx_hal_cortex.o(.text.HAL_NVIC_SetPriority) for HAL_NVIC_SetPriority
    main.o(.text.MX_DMA_Init) refers to stm32g0xx_hal_cortex.o(.text.HAL_NVIC_EnableIRQ) for HAL_NVIC_EnableIRQ
    main.o(.ARM.exidx.text.MX_DMA_Init) refers to main.o(.text.MX_DMA_Init) for [Anonymous Symbol]
    main.o(.text.MX_USART1_UART_Init) refers to stm32g0xx_hal_uart.o(.text.HAL_UART_Init) for HAL_UART_Init
    main.o(.text.MX_USART1_UART_Init) refers to stm32g0xx_hal_uart_ex.o(.text.HAL_UARTEx_SetTxFifoThreshold) for HAL_UARTEx_SetTxFifoThreshold
    main.o(.text.MX_USART1_UART_Init) refers to stm32g0xx_hal_uart_ex.o(.text.HAL_UARTEx_SetRxFifoThreshold) for HAL_UARTEx_SetRxFifoThreshold
    main.o(.text.MX_USART1_UART_Init) refers to stm32g0xx_hal_uart_ex.o(.text.HAL_UARTEx_DisableFifoMode) for HAL_UARTEx_DisableFifoMode
    main.o(.text.MX_USART1_UART_Init) refers to main.o(.text.Error_Handler) for Error_Handler
    main.o(.text.MX_USART1_UART_Init) refers to main.o(.bss.huart1) for huart1
    main.o(.ARM.exidx.text.MX_USART1_UART_Init) refers to main.o(.text.MX_USART1_UART_Init) for [Anonymous Symbol]
    main.o(.text.MX_USART2_UART_Init) refers to stm32g0xx_hal_uart.o(.text.HAL_UART_Init) for HAL_UART_Init
    main.o(.text.MX_USART2_UART_Init) refers to main.o(.text.Error_Handler) for Error_Handler
    main.o(.text.MX_USART2_UART_Init) refers to main.o(.bss.huart2) for huart2
    main.o(.ARM.exidx.text.MX_USART2_UART_Init) refers to main.o(.text.MX_USART2_UART_Init) for [Anonymous Symbol]
    main.o(.ARM.exidx.text.Error_Handler) refers to main.o(.text.Error_Handler) for [Anonymous Symbol]
[...]
    Removing stm32g0xx_hal_cortex.o(.ARM.exidx.text.__NVIC_SetPriority), (8 bytes).
    Removing stm32g0xx_hal_cortex.o(.ARM.exidx.text.HAL_NVIC_EnableIRQ), (8 bytes).
    Removing stm32g0xx_hal_cortex.o(.ARM.exidx.text.__NVIC_EnableIRQ), (8 bytes).
    Removing stm32g0xx_hal_cortex.o(.text.HAL_NVIC_DisableIRQ), (8 bytes).
    Removing stm32g0xx_hal_cortex.o(.ARM.exidx.text.HAL_NVIC_DisableIRQ), (8 bytes).
    Removing stm32g0xx_hal_cortex.o(.text.__NVIC_DisableIRQ), (32 bytes).
    Removing stm32g0xx_hal_cortex.o(.ARM.exidx.text.__NVIC_DisableIRQ), (8 bytes).
    Removing stm32g0xx_hal_cortex.o(.text.HAL_NVIC_SystemReset), (4 bytes).
    Removing stm32g0xx_hal_cortex.o(.ARM.exidx.text.HAL_NVIC_SystemReset), (8 bytes).
    Removing stm32g0xx_hal_cortex.o(.text.__NVIC_SystemReset), (28 bytes).
    Removing stm32g0xx_hal_cortex.o(.ARM.exidx.text.__NVIC_SystemReset), (8 bytes).
    Removing stm32g0xx_hal_cortex.o(.ARM.exidx.text.HAL_SYSTICK_Config), (8 bytes).
    Removing stm32g0xx_hal_cortex.o(.ARM.exidx.text.SysTick_Config), (8 bytes).
    Removing stm32g0xx_hal_cortex.o(.text.HAL_NVIC_GetPriority), (8 bytes).
    Removing stm32g0xx_hal_cortex.o(.ARM.exidx.text.HAL_NVIC_GetPriority), (8 bytes).
    Removing stm32g0xx_hal_cortex.o(.text.__NVIC_GetPriority), (52 bytes).
    Removing stm32g0xx_hal_cortex.o(.ARM.exidx.text.__NVIC_GetPriority), (8 bytes).
    Removing stm32g0xx_hal_cortex.o(.text.HAL_NVIC_SetPendingIRQ), (8 bytes).
    Removing stm32g0xx_hal_cortex.o(.ARM.exidx.text.HAL_NVIC_SetPendingIRQ), (8 bytes).
    Removing stm32g0xx_hal_cortex.o(.text.__NVIC_SetPendingIRQ), (24 bytes).
    Removing stm32g0xx_hal_cortex.o(.ARM.exidx.text.__NVIC_SetPendingIRQ), (8 bytes).
    Removing stm32g0xx_hal_cortex.o(.text.HAL_NVIC_GetPendingIRQ), (8 bytes).
    Removing stm32g0xx_hal_cortex.o(.ARM.exidx.text.HAL_NVIC_GetPendingIRQ), (8 bytes).
    Removing stm32g0xx_hal_cortex.o(.text.__NVIC_GetPendingIRQ), (28 bytes).
    Removing stm32g0xx_hal_cortex.o(.ARM.exidx.text.__NVIC_GetPendingIRQ), (8 bytes).
    Removing stm32g0xx_hal_cortex.o(.text.HAL_NVIC_ClearPendingIRQ), (8 bytes).
    Removing stm32g0xx_hal_cortex.o(.ARM.exidx.text.HAL_NVIC_ClearPendingIRQ), (8 bytes).
    Removing stm32g0xx_hal_cortex.o(.text.__NVIC_ClearPendingIRQ), (24 bytes).
    Removing stm32g0xx_hal_cortex.o(.ARM.exidx.text.__NVIC_ClearPendingIRQ), (8 bytes).
    Removing stm32g0xx_hal_cortex.o(.text.HAL_SYSTICK_CLKSourceConfig), (28 bytes).
    Removing stm32g0xx_hal_cortex.o(.ARM.exidx.text.HAL_SYSTICK_CLKSourceConfig), (8 bytes).
    Removing stm32g0xx_hal_cortex.o(.text.HAL_SYSTICK_IRQHandler), (8 bytes).
    Removing stm32g0xx_hal_cortex.o(.ARM.exidx.text.HAL_SYSTICK_IRQHandler), (8 bytes).
    Removing stm32g0xx_hal_cortex.o(.text.HAL_SYSTICK_Callback), (2 bytes).
    Removing stm32g0xx_hal_cortex.o(.ARM.exidx.text.HAL_SYSTICK_Callback), (8 bytes).
    Removing stm32g0xx_hal_cortex.o(.text.HAL_MPU_Enable), (24 bytes).
    Removing stm32g0xx_hal_cortex.o(.ARM.exidx.text.HAL_MPU_Enable), (8 bytes).
    Removing stm32g0xx_hal_cortex.o(.text.HAL_MPU_Disable), (16 bytes).
    Removing stm32g0xx_hal_cortex.o(.ARM.exidx.text.HAL_MPU_Disable), (8 bytes).
    Removing stm32g0xx_hal_cortex.o(.text.HAL_MPU_ConfigRegion), (84 bytes).
    Removing stm32g0xx_hal_cortex.o(.ARM.exidx.text.HAL_MPU_ConfigRegion), (8 bytes).
    Removing stm32g0xx_hal.o(.text), (0 bytes).
    Removing stm32g0xx_hal.o(.ARM.exidx.text.HAL_Init), (8 bytes).
    Removing stm32g0xx_hal.o(.ARM.exidx.text.HAL_InitTick), (8 bytes).
    Removing stm32g0xx_hal.o(.text.HAL_MspInit), (2 bytes).
    Removing stm32g0xx_hal.o(.ARM.exidx.text.HAL_MspInit), (8 bytes).
    Removing stm32g0xx_hal.o(.text.HAL_DeInit), (36 bytes).
    Removing stm32g0xx_hal.o(.ARM.exidx.text.HAL_DeInit), (8 bytes).
    Removing stm32g0xx_hal.o(.text.HAL_MspDeInit), (2 bytes).
    Removing stm32g0xx_hal.o(.ARM.exidx.text.HAL_MspDeInit), (8 bytes).
    Removing stm32g0xx_hal.o(.ARM.exidx.text.HAL_IncTick), (8 bytes).
    Removing stm32g0xx_hal.o(.ARM.exidx.text.HAL_GetTick), (8 bytes).
    Removing stm32g0xx_hal.o(.text.HAL_GetTickPrio), (12 bytes).
    Removing stm32g0xx_hal.o(.ARM.exidx.text.HAL_GetTickPrio), (8 bytes).
    Removing stm32g0xx_hal.o(.text.HAL_SetTickFreq), (40 bytes).
    Removing stm32g0xx_hal.o(.ARM.exidx.text.HAL_SetTickFreq), (8 bytes).
    Removing stm32g0xx_hal.o(.text.HAL_GetTickFreq), (12 bytes).
    Removing stm32g0xx_hal.o(.ARM.exidx.text.HAL_GetTickFreq), (8 bytes).
    Removing stm32g0xx_hal.o(.ARM.exidx.text.HAL_Delay), (8 bytes).
    Removing stm32g0xx_hal.o(.text.HAL_SuspendTick), (16 bytes).
    Removing stm32g0xx_hal.o(.ARM.exidx.text.HAL_SuspendTick), (8 bytes).
    Removing stm32g0xx_hal.o(.text.HAL_ResumeTick), (16 bytes).
    Removing stm32g0xx_hal.o(.ARM.exidx.text.HAL_ResumeTick), (8 bytes).
    Removing stm32g0xx_hal.o(.text.HAL_GetHalVersion), (8 bytes).
    Removing stm32g0xx_hal.o(.ARM.exidx.text.HAL_GetHalVersion), (8 bytes).
    Removing stm32g0xx_hal.o(.text.HAL_GetREVID), (12 bytes).
    Removing stm32g0xx_hal.o(.ARM.exidx.text.HAL_GetREVID), (8 bytes).
    Removing stm32g0xx_hal.o(.text.HAL_GetDEVID), (20 bytes).
    Removing stm32g0xx_hal.o(.ARM.exidx.text.HAL_GetDEVID), (8 bytes).
    Removing stm32g0xx_hal.o(.text.HAL_GetUIDw0), (12 bytes).
    Removing stm32g0xx_hal.o(.ARM.exidx.text.HAL_GetUIDw0), (8 bytes).
    Removing stm32g0xx_hal.o(.text.HAL_GetUIDw1), (12 bytes).
    Removing stm32g0xx_hal.o(.ARM.exidx.text.HAL_GetUIDw1), (8 bytes).
    Removing stm32g0xx_hal.o(.text.HAL_GetUIDw2), (12 bytes).
    Removing stm32g0xx_hal.o(.ARM.exidx.text.HAL_GetUIDw2), (8 bytes).
    Removing stm32g0xx_hal.o(.text.HAL_DBGMCU_EnableDBGStopMode), (16 bytes).
    Removing stm32g0xx_hal.o(.ARM.exidx.text.HAL_DBGMCU_EnableDBGStopMode), (8 bytes).
    Removing stm32g0xx_hal.o(.text.HAL_DBGMCU_DisableDBGStopMode), (16 bytes).
    Removing stm32g0xx_hal.o(.ARM.exidx.text.HAL_DBGMCU_DisableDBGStopMode), (8 bytes).
    Removing stm32g0xx_hal.o(.text.HAL_DBGMCU_EnableDBGStandbyMode), (16 bytes).
    Removing stm32g0xx_hal.o(.ARM.exidx.text.HAL_DBGMCU_EnableDBGStandbyMode), (8 bytes).
    Removing stm32g0xx_hal.o(.text.HAL_DBGMCU_DisableDBGStandbyMode), (16 bytes).
    Removing stm32g0xx_hal.o(.ARM.exidx.text.HAL_DBGMCU_DisableDBGStandbyMode), (8 bytes).
    Removing stm32g0xx_hal.o(.text.HAL_SYSCFG_EnableIOAnalogSwitchBooster), (20 bytes).
    Removing stm32g0xx_hal.o(.ARM.exidx.text.HAL_SYSCFG_EnableIOAnalogSwitchBooster), (8 bytes).
    Removing stm32g0xx_hal.o(.text.HAL_SYSCFG_DisableIOAnalogSwitchBooster), (20 bytes).
    Removing stm32g0xx_hal.o(.ARM.exidx.text.HAL_SYSCFG_DisableIOAnalogSwitchBooster), (8 bytes).
    Removing stm32g0xx_hal.o(.text.HAL_SYSCFG_EnableRemap), (16 bytes).
    Removing stm32g0xx_hal.o(.ARM.exidx.text.HAL_SYSCFG_EnableRemap), (8 bytes).
    Removing stm32g0xx_hal.o(.text.HAL_SYSCFG_DisableRemap), (16 bytes).
    Removing stm32g0xx_hal.o(.ARM.exidx.text.HAL_SYSCFG_DisableRemap), (8 bytes).
    Removing stm32g0xx_hal.o(.text.HAL_SYSCFG_EnableClampingDiode), (16 bytes).
    Removing stm32g0xx_hal.o(.ARM.exidx.text.HAL_SYSCFG_EnableClampingDiode), (8 bytes).
    Removing stm32g0xx_hal.o(.text.HAL_SYSCFG_DisableClampingDiode), (16 bytes).
    Removing stm32g0xx_hal.o(.ARM.exidx.text.HAL_SYSCFG_DisableClampingDiode), (8 bytes).
    Removing stm32g0xx_hal_exti.o(.text), (0 bytes).
    Removing stm32g0xx_hal_exti.o(.text.HAL_EXTI_SetConfigLine), (164 bytes).
    Removing stm32g0xx_hal_exti.o(.ARM.exidx.text.HAL_EXTI_SetConfigLine), (8 bytes).
    Removing stm32g0xx_hal_exti.o(.text.HAL_EXTI_GetConfigLine), (152 bytes).
    Removing stm32g0xx_hal_exti.o(.ARM.exidx.text.HAL_EXTI_GetConfigLine), (8 bytes).
    Removing stm32g0xx_hal_exti.o(.text.HAL_EXTI_ClearConfigLine), (116 bytes).
    Removing stm32g0xx_hal_exti.o(.ARM.exidx.text.HAL_EXTI_ClearConfigLine), (8 bytes).
    Removing stm32g0xx_hal_exti.o(.text.HAL_EXTI_RegisterCallback), (30 bytes).
    Removing stm32g0xx_hal_exti.o(.ARM.exidx.text.HAL_EXTI_RegisterCallback), (8 bytes).
    Removing stm32g0xx_hal_exti.o(.text.HAL_EXTI_GetHandle), (14 bytes).
    Removing stm32g0xx_hal_exti.o(.ARM.exidx.text.HAL_EXTI_GetHandle), (8 bytes).
    Removing stm32g0xx_hal_exti.o(.text.HAL_EXTI_IRQHandler), (68 bytes).
    Removing stm32g0xx_hal_exti.o(.ARM.exidx.text.HAL_EXTI_IRQHandler), (8 bytes).
    Removing stm32g0xx_hal_exti.o(.text.HAL_EXTI_GetPending), (40 bytes).
    Removing stm32g0xx_hal_exti.o(.ARM.exidx.text.HAL_EXTI_GetPending), (8 bytes).
    Removing stm32g0xx_hal_exti.o(.text.HAL_EXTI_ClearPending), (36 bytes).
    Removing stm32g0xx_hal_exti.o(.ARM.exidx.text.HAL_EXTI_ClearPending), (8 bytes).
    Removing stm32g0xx_hal_exti.o(.text.HAL_EXTI_GenerateSWI), (28 bytes).
    Removing stm32g0xx_hal_exti.o(.ARM.exidx.text.HAL_EXTI_GenerateSWI), (8 bytes).
    Removing system_stm32g0xx.o(.text), (0 bytes).
    Removing system_stm32g0xx.o(.ARM.exidx.text.SystemInit), (8 bytes).
    Removing system_stm32g0xx.o(.text.SystemCoreClockUpdate), (144 bytes).
    Removing system_stm32g0xx.o(.ARM.exidx.text.SystemCoreClockUpdate), (8 bytes).
    Removing air551g.o(.text), (0 bytes).
    Removing air551g.o(.ARM.exidx.text.air551g_init), (8 bytes).
    Removing air551g.o(.ARM.exidx.text.air551g_dataGet), (8 bytes).
    Removing air551g.o(.ARM.exidx.text.gnss_getTimeDate), (8 bytes).
    Removing air551g.o(.ARM.exidx.text.gnss_getLocation), (8 bytes).
    Removing air551g.o(.ARM.exidx.text.gnss_getSpeed), (8 bytes).
    Removing air551g.o(.ARM.exidx.text.air551g_prepareRptBuffer), (8 bytes).
    Removing air551g.o(.ARM.exidx.text.air551g_rpt), (8 bytes).
    Removing air551g.o(.data.Init_ColdStartup), (18 bytes).
    Removing air551g.o(.data.Init_WarmStartup), (18 bytes).
    Removing maidenhead.o(.text), (0 bytes).
    Removing maidenhead.o(.ARM.exidx.text.gnss_getMaidenhead), (8 bytes).

514 unused section(s) (total 16508 bytes) removed from the image.

==============================================================================

Image Symbol Table

    Local Symbols

    Symbol Name                              Value     Ov Type        Size  Object(Section)

    ../clib/division.s                       0x00000000   Number         0  aeabi_sdivfast.o ABSOLUTE
    ../clib/division.s                       0x00000000   Number         0  aeabi_sdivfast_div0.o ABSOLUTE
    ../clib/longlong.c                       0x00000000   Number         0  llmul.o ABSOLUTE
    ../clib/microlib/ctype/ctype.c           0x00000000   Number         0  isspace_c.o ABSOLUTE
    ../clib/microlib/ctype/ctype.c           0x00000000   Number         0  ctype_c.o ABSOLUTE
    ../clib/microlib/division.c              0x00000000   Number         0  uidiv.o ABSOLUTE
    ../clib/microlib/division.c              0x00000000   Number         0  uidiv_div0.o ABSOLUTE
    ../clib/microlib/division.c              0x00000000   Number         0  idiv_div0.o ABSOLUTE
    ../clib/microlib/division.c              0x00000000   Number         0  idiv0.o ABSOLUTE
    ../clib/microlib/init/entry.s            0x00000000   Number         0  entry.o ABSOLUTE
    ../clib/microlib/init/entry.s            0x00000000   Number         0  entry2.o ABSOLUTE
    ../clib/microlib/init/entry.s            0x00000000   Number         0  entry5.o ABSOLUTE
    ../clib/microlib/init/entry.s            0x00000000   Number         0  entry7a.o ABSOLUTE
    ../clib/microlib/init/entry.s            0x00000000   Number         0  entry7b.o ABSOLUTE
    ../clib/microlib/init/entry.s            0x00000000   Number         0  entry8a.o ABSOLUTE
    ../clib/microlib/init/entry.s            0x00000000   Number         0  entry8b.o ABSOLUTE
    ../clib/microlib/init/entry.s            0x00000000   Number         0  entry9a.o ABSOLUTE
    ../clib/microlib/init/entry.s            0x00000000   Number         0  entry9b.o ABSOLUTE
    ../clib/microlib/init/entry.s            0x00000000   Number         0  entry10a.o ABSOLUTE
    ../clib/microlib/init/entry.s            0x00000000   Number         0  entry10b.o ABSOLUTE
    ../clib/microlib/init/entry.s            0x00000000   Number         0  entry11a.o ABSOLUTE
    ../clib/microlib/init/entry.s            0x00000000   Number         0  entry11b.o ABSOLUTE
    ../clib/microlib/longlong.c              0x00000000   Number         0  llshl.o ABSOLUTE
    ../clib/microlib/longlong.c              0x00000000   Number         0  llsshr.o ABSOLUTE
    ../clib/microlib/longlong.c              0x00000000   Number         0  llushr.o ABSOLUTE
    ../clib/microlib/string/memcpy.c         0x00000000   Number         0  memcpya.o ABSOLUTE
    ../clib/microlib/string/memcpy.c         0x00000000   Number         0  memcpyb.o ABSOLUTE
    ../clib/microlib/string/memset.c         0x00000000   Number         0  memseta.o ABSOLUTE
    ../clib/microlib/stubs.s                 0x00000000   Number         0  iusefp.o ABSOLUTE
    ../clib/scanf.c                          0x00000000   Number         0  __0sscanf.o ABSOLUTE
    ../clib/scanf.c                          0x00000000   Number         0  _scanf_int.o ABSOLUTE
    ../clib/scanf.c                          0x00000000   Number         0  _scanf_str.o ABSOLUTE
    ../clib/scanf.c                          0x00000000   Number         0  scanf_fp.o ABSOLUTE
    ../clib/scanf.c                          0x00000000   Number         0  _chval.o ABSOLUTE
    ../clib/scanf.c                          0x00000000   Number         0  scanf_char.o ABSOLUTE
    ../clib/scanf.c                          0x00000000   Number         0  _sgetc.o ABSOLUTE
    ../clib/scanf.c                          0x00000000   Number         0  _scanf.o ABSOLUTE
    ../fplib/microlib/d2f.c                  0x00000000   Number         0  d2f.o ABSOLUTE
    ../fplib/microlib/f2d.c                  0x00000000   Number         0  f2d.o ABSOLUTE
    ../fplib/microlib/fpadd.c                0x00000000   Number         0  dadd.o ABSOLUTE
    ../fplib/microlib/fpdiv.c                0x00000000   Number         0  ddiv.o ABSOLUTE
    ../fplib/microlib/fpepilogue.c           0x00000000   Number         0  fepilogue.o ABSOLUTE
    ../fplib/microlib/fpepilogue.c           0x00000000   Number         0  depilogue.o ABSOLUTE
    ../fplib/microlib/fpfix.c                0x00000000   Number         0  ffixi.o ABSOLUTE
    ../fplib/microlib/fpflt.c                0x00000000   Number         0  dflti.o ABSOLUTE
    ../fplib/microlib/fpflt.c                0x00000000   Number         0  dfltul.o ABSOLUTE
    ../fplib/microlib/fpmul.c                0x00000000   Number         0  dmul.o ABSOLUTE
    air551g.c                                0x00000000   Number         0  air551g.o ABSOLUTE
    dc.s                                     0x00000000   Number         0  dc.o ABSOLUTE
    handlers.s                               0x00000000   Number         0  handlers.o ABSOLUTE
    init.s                                   0x00000000   Number         0  init.o ABSOLUTE
    maidenhead.c                             0x00000000   Number         0  maidenhead.o ABSOLUTE
    main.c                                   0x00000000   Number         0  main.o ABSOLUTE
    startup_stm32g030xx.s                    0x00000000   Number         0  startup_stm32g030xx.o ABSOLUTE
    stm32g0xx_hal.c                          0x00000000   Number         0  stm32g0xx_hal.o ABSOLUTE
    stm32g0xx_hal_cortex.c                   0x00000000   Number         0  stm32g0xx_hal_cortex.o ABSOLUTE
    stm32g0xx_hal_dma.c                      0x00000000   Number         0  stm32g0xx_hal_dma.o ABSOLUTE
    stm32g0xx_hal_dma_ex.c                   0x00000000   Number         0  stm32g0xx_hal_dma_ex.o ABSOLUTE
    stm32g0xx_hal_exti.c                     0x00000000   Number         0  stm32g0xx_hal_exti.o ABSOLUTE
    stm32g0xx_hal_flash.c                    0x00000000   Number         0  stm32g0xx_hal_flash.o ABSOLUTE
    stm32g0xx_hal_flash_ex.c                 0x00000000   Number         0  stm32g0xx_hal_flash_ex.o ABSOLUTE
    stm32g0xx_hal_gpio.c                     0x00000000   Number         0  stm32g0xx_hal_gpio.o ABSOLUTE
    stm32g0xx_hal_msp.c                      0x00000000   Number         0  stm32g0xx_hal_msp.o ABSOLUTE
    stm32g0xx_hal_pwr.c                      0x00000000   Number         0  stm32g0xx_hal_pwr.o ABSOLUTE
    stm32g0xx_hal_pwr_ex.c                   0x00000000   Number         0  stm32g0xx_hal_pwr_ex.o ABSOLUTE
    stm32g0xx_hal_rcc.c                      0x00000000   Number         0  stm32g0xx_hal_rcc.o ABSOLUTE
    stm32g0xx_hal_rcc_ex.c                   0x00000000   Number         0  stm32g0xx_hal_rcc_ex.o ABSOLUTE
    stm32g0xx_hal_tim.c                      0x00000000   Number         0  stm32g0xx_hal_tim.o ABSOLUTE
    stm32g0xx_hal_tim_ex.c                   0x00000000   Number         0  stm32g0xx_hal_tim_ex.o ABSOLUTE
    stm32g0xx_hal_uart.c                     0x00000000   Number         0  stm32g0xx_hal_uart.o ABSOLUTE
    stm32g0xx_hal_uart_ex.c                  0x00000000   Number         0  stm32g0xx_hal_uart_ex.o ABSOLUTE
    stm32g0xx_it.c                           0x00000000   Number         0  stm32g0xx_it.o ABSOLUTE
    stm32g0xx_ll_dma.c                       0x00000000   Number         0  stm32g0xx_ll_dma.o ABSOLUTE
    stm32g0xx_ll_rcc.c                       0x00000000   Number         0  stm32g0xx_ll_rcc.o ABSOLUTE
    system_stm32g0xx.c                       0x00000000   Number         0  system_stm32g0xx.o ABSOLUTE
    RESET                                    0x08000000   Section      192  startup_stm32g030xx.o(RESET)
    .ARM.Collect$$$$00000000                 0x080000c0   Section        0  entry.o(.ARM.Collect$$$$00000000)
    .ARM.Collect$$$$00000001                 0x080000c0   Section        4  entry2.o(.ARM.Collect$$$$00000001)
    .ARM.Collect$$$$00000004                 0x080000c4   Section        4  entry5.o(.ARM.Collect$$$$00000004)
    .ARM.Collect$$$$00000008                 0x080000c8   Section        0  entry7b.o(.ARM.Collect$$$$00000008)
    .ARM.Collect$$$$0000000A                 0x080000c8   Section        0  entry8b.o(.ARM.Collect$$$$0000000A)
    .ARM.Collect$$$$0000000B                 0x080000c8   Section        8  entry9a.o(.ARM.Collect$$$$0000000B)
    __lit__00000000                          0x080000d0   Data           4  entry2.o(.ARM.Collect$$$$00002712)
    .ARM.Collect$$$$0000000D                 0x080000d0   Section        0  entry10a.o(.ARM.Collect$$$$0000000D)
    .ARM.Collect$$$$0000000F                 0x080000d0   Section        0  entry11a.o(.ARM.Collect$$$$0000000F)
    .ARM.Collect$$$$00002712                 0x080000d0   Section        4  entry2.o(.ARM.Collect$$$$00002712)
    .text                                    0x080000d4   Section       28  startup_stm32g030xx.o(.text)
    .text                                    0x080000f0   Section        0  memcpya.o(.text)
    .text                                    0x08000114   Section        0  memseta.o(.text)
    .text                                    0x08000138   Section        0  __0sscanf.o(.text)
    .text                                    0x08000174   Section        0  _scanf_int.o(.text)
    .text                                    0x080002be   Section        0  _scanf_str.o(.text)
    _fp_value                                0x080003a9   Thumb Code   286  scanf_fp.o(.text)
    .text                                    0x080003a8   Section        0  scanf_fp.o(.text)
    .text                                    0x0800071c   Section        0  dadd.o(.text)
    .text                                    0x08000880   Section        0  dmul.o(.text)
    .text                                    0x08000950   Section        0  ddiv.o(.text)
    .text                                    0x08000a40   Section        0  dflti.o(.text)
    .text                                    0x08000a68   Section        0  ffixi.o(.text)
    .text                                    0x08000a9a   Section        0  f2d.o(.text)
    .text                                    0x08000ac2   Section        0  d2f.o(.text)
    .text                                    0x08000afa   Section        0  uidiv_div0.o(.text)
    .text                                    0x08000b38   Section        0  llmul.o(.text)
    .text                                    0x08000b68   Section        0  llshl.o(.text)
    .text                                    0x08000b88   Section        0  llsshr.o(.text)
    .text                                    0x08000bae   Section        0  _chval.o(.text)
    _scanf_char_input                        0x08000bcd   Thumb Code    12  scanf_char.o(.text)
    .text                                    0x08000bcc   Section        0  scanf_char.o(.text)
    .text                                    0x08000bf8   Section        0  _sgetc.o(.text)
    .text                                    0x08000c3c   Section        0  iusefp.o(.text)
    .text                                    0x08000c3c   Section        0  fepilogue.o(.text)
    .text                                    0x08000cbe   Section        0  depilogue.o(.text)
    .text                                    0x08000d7c   Section        0  dfltul.o(.text)
    .text                                    0x08000d98   Section       36  init.o(.text)
    .text                                    0x08000dbc   Section        0  llushr.o(.text)
    .text                                    0x08000dde   Section        0  isspace_c.o(.text)
    .text                                    0x08000dec   Section        0  _scanf.o(.text)
    .text                                    0x08001124   Section        0  ctype_c.o(.text)
    [Anonymous Symbol]                       0x08001148   Section        0  stm32g0xx_it.o(.text.DMA1_Channel1_IRQHandler)
    __arm_cp.6_0                             0x08001154   Number         4  stm32g0xx_it.o(.text.DMA1_Channel1_IRQHandler)
    [Anonymous Symbol]                       0x08001158   Section        0  stm32g0xx_it.o(.text.DMA1_Channel2_3_IRQHandler)
    __arm_cp.7_0                             0x08001164   Number         4  stm32g0xx_it.o(.text.DMA1_Channel2_3_IRQHandler)
    DMA_CalcDMAMUXChannelBaseAndMask         0x08001169   Thumb Code    44  stm32g0xx_hal_dma.o(.text.DMA_CalcDMAMUXChannelBaseAndMask)
    [Anonymous Symbol]                       0x08001168   Section        0  stm32g0xx_hal_dma.o(.text.DMA_CalcDMAMUXChannelBaseAndMask)
    __arm_cp.1_0                             0x08001194   Number         4  stm32g0xx_hal_dma.o(.text.DMA_CalcDMAMUXChannelBaseAndMask)
    DMA_CalcDMAMUXRequestGenBaseAndMask      0x08001199   Thumb Code    36  stm32g0xx_hal_dma.o(.text.DMA_CalcDMAMUXRequestGenBaseAndMask)
    [Anonymous Symbol]                       0x08001198   Section        0  stm32g0xx_hal_dma.o(.text.DMA_CalcDMAMUXRequestGenBaseAndMask)
    __arm_cp.2_0                             0x080011bc   Number         4  stm32g0xx_hal_dma.o(.text.DMA_CalcDMAMUXRequestGenBaseAndMask)
    DMA_SetConfig                            0x080011c1   Thumb Code    64  stm32g0xx_hal_dma.o(.text.DMA_SetConfig)
    [Anonymous Symbol]                       0x080011c0   Section        0  stm32g0xx_hal_dma.o(.text.DMA_SetConfig)
    [Anonymous Symbol]                       0x08001200   Section        0  stm32g0xx_it.o(.text.EXTI2_3_IRQHandler)
    [Anonymous Symbol]                       0x0800120a   Section        0  main.o(.text.Error_Handler)
    [Anonymous Symbol]                       0x08001214   Section        0  stm32g0xx_hal_dma.o(.text.HAL_DMA_Abort)
    [Anonymous Symbol]                       0x08001280   Section        0  stm32g0xx_hal_dma.o(.text.HAL_DMA_Abort_IT)
    __arm_cp.8_0                             0x080012f0   Number         4  stm32g0xx_hal_dma.o(.text.HAL_DMA_Abort_IT)
    [Anonymous Symbol]                       0x080012f4   Section        0  stm32g0xx_hal_dma.o(.text.HAL_DMA_IRQHandler)
    __arm_cp.10_0                            0x080013a8   Number         4  stm32g0xx_hal_dma.o(.text.HAL_DMA_IRQHandler)
    [Anonymous Symbol]                       0x080013ac   Section        0  stm32g0xx_hal_dma.o(.text.HAL_DMA_Init)
    __arm_cp.0_0                             0x08001458   Number         4  stm32g0xx_hal_dma.o(.text.HAL_DMA_Init)
    __arm_cp.0_1                             0x0800145c   Number         4  stm32g0xx_hal_dma.o(.text.HAL_DMA_Init)
    [Anonymous Symbol]                       0x08001460   Section        0  stm32g0xx_hal_dma.o(.text.HAL_DMA_Start_IT)
    [Anonymous Symbol]                       0x080014e8   Section        0  stm32g0xx_hal.o(.text.HAL_Delay)
    [Anonymous Symbol]                       0x08001508   Section        0  stm32g0xx_hal_gpio.o(.text.HAL_GPIO_EXTI_Falling_Callback)
    [Anonymous Symbol]                       0x0800150c   Section        0  stm32g0xx_hal_gpio.o(.text.HAL_GPIO_EXTI_IRQHandler)
    __arm_cp.6_0                             0x08001530   Number         4  stm32g0xx_hal_gpio.o(.text.HAL_GPIO_EXTI_IRQHandler)
    [Anonymous Symbol]                       0x08001534   Section        0  stm32g0xx_hal_gpio.o(.text.HAL_GPIO_EXTI_Rising_Callback)
    [Anonymous Symbol]                       0x08001538   Section        0  stm32g0xx_hal_gpio.o(.text.HAL_GPIO_Init)
    __arm_cp.0_0                             0x080016bc   Number         4  stm32g0xx_hal_gpio.o(.text.HAL_GPIO_Init)
    __arm_cp.0_1                             0x080016c0   Number         4  stm32g0xx_hal_gpio.o(.text.HAL_GPIO_Init)
    __arm_cp.0_2                             0x080016c4   Number         4  stm32g0xx_hal_gpio.o(.text.HAL_GPIO_Init)
    __arm_cp.0_3                             0x080016c8   Number         4  stm32g0xx_hal_gpio.o(.text.HAL_GPIO_Init)
    __arm_cp.0_4                             0x080016cc   Number         4  stm32g0xx_hal_gpio.o(.text.HAL_GPIO_Init)
    [Anonymous Symbol]                       0x080016d0   Section        0  stm32g0xx_hal_gpio.o(.text.HAL_GPIO_WritePin)
    [Anonymous Symbol]                       0x080016e0   Section        0  stm32g0xx_hal.o(.text.HAL_GetTick)
    [Anonymous Symbol]                       0x080016e8   Section        0  stm32g0xx_hal.o(.text.HAL_IncTick)
    __arm_cp.5_1                             0x080016f8   Number         4  stm32g0xx_hal.o(.text.HAL_IncTick)
    [Anonymous Symbol]                       0x080016fc   Section        0  stm32g0xx_hal.o(.text.HAL_Init)
    [Anonymous Symbol]                       0x08001724   Section        0  stm32g0xx_hal.o(.text.HAL_InitTick)
    __arm_cp.1_0                             0x08001764   Number         4  stm32g0xx_hal.o(.text.HAL_InitTick)
    [Anonymous Symbol]                       0x08001768   Section        0  stm32g0xx_hal_msp.o(.text.HAL_MspInit)
    __arm_cp.0_0                             0x08001790   Number         4  stm32g0xx_hal_msp.o(.text.HAL_MspInit)
    [Anonymous Symbol]                       0x08001794   Section        0  stm32g0xx_hal_cortex.o(.text.HAL_NVIC_EnableIRQ)
    [Anonymous Symbol]                       0x0800179c   Section        0  stm32g0xx_hal_cortex.o(.text.HAL_NVIC_SetPriority)
    [Anonymous Symbol]                       0x080017a4   Section        0  stm32g0xx_hal_pwr_ex.o(.text.HAL_PWREx_ControlVoltageScaling)
    __arm_cp.13_2                            0x080017ec   Number         4  stm32g0xx_hal_pwr_ex.o(.text.HAL_PWREx_ControlVoltageScaling)
    [Anonymous Symbol]                       0x080017f0   Section        0  stm32g0xx_hal_rcc_ex.o(.text.HAL_RCCEx_PeriphCLKConfig)
    __arm_cp.0_0                             0x08001964   Number         4  stm32g0xx_hal_rcc_ex.o(.text.HAL_RCCEx_PeriphCLKConfig)
    __arm_cp.0_1                             0x08001968   Number         4  stm32g0xx_hal_rcc_ex.o(.text.HAL_RCCEx_PeriphCLKConfig)
    __arm_cp.0_2                             0x0800196c   Number         4  stm32g0xx_hal_rcc_ex.o(.text.HAL_RCCEx_PeriphCLKConfig)
    __arm_cp.0_3                             0x08001970   Number         4  stm32g0xx_hal_rcc_ex.o(.text.HAL_RCCEx_PeriphCLKConfig)
    [Anonymous Symbol]                       0x08001974   Section        0  stm32g0xx_hal_rcc.o(.text.HAL_RCC_ClockConfig)
    __arm_cp.2_0                             0x08001ad4   Number         4  stm32g0xx_hal_rcc.o(.text.HAL_RCC_ClockConfig)
    __arm_cp.2_1                             0x08001ad8   Number         4  stm32g0xx_hal_rcc.o(.text.HAL_RCC_ClockConfig)
    __arm_cp.2_3                             0x08001adc   Number         4  stm32g0xx_hal_rcc.o(.text.HAL_RCC_ClockConfig)
    __arm_cp.2_5                             0x08001ae0   Number         4  stm32g0xx_hal_rcc.o(.text.HAL_RCC_ClockConfig)
    [Anonymous Symbol]                       0x08001ae4   Section        0  stm32g0xx_hal_rcc.o(.text.HAL_RCC_GetHCLKFreq)
    __arm_cp.5_0                             0x08001aec   Number         4  stm32g0xx_hal_rcc.o(.text.HAL_RCC_GetHCLKFreq)
    [Anonymous Symbol]                       0x08001af0   Section        0  stm32g0xx_hal_rcc.o(.text.HAL_RCC_GetPCLK1Freq)
    __arm_cp.6_0                             0x08001b10   Number         4  stm32g0xx_hal_rcc.o(.text.HAL_RCC_GetPCLK1Freq)
    [Anonymous Symbol]                       0x08001b14   Section        0  stm32g0xx_hal_rcc.o(.text.HAL_RCC_GetSysClockFreq)
    __arm_cp.3_0                             0x08001b90   Number         4  stm32g0xx_hal_rcc.o(.text.HAL_RCC_GetSysClockFreq)
    __arm_cp.3_1                             0x08001b94   Number         4  stm32g0xx_hal_rcc.o(.text.HAL_RCC_GetSysClockFreq)
    __arm_cp.3_2                             0x08001b98   Number         4  stm32g0xx_hal_rcc.o(.text.HAL_RCC_GetSysClockFreq)
    [Anonymous Symbol]                       0x08001b9c   Section        0  stm32g0xx_hal_rcc.o(.text.HAL_RCC_OscConfig)
    __arm_cp.1_9                             0x08001fa8   Number         4  stm32g0xx_hal_rcc.o(.text.HAL_RCC_OscConfig)
    __arm_cp.1_1                             0x08001fb4   Number         4  stm32g0xx_hal_rcc.o(.text.HAL_RCC_OscConfig)
    __arm_cp.1_2                             0x08001fb8   Number         4  stm32g0xx_hal_rcc.o(.text.HAL_RCC_OscConfig)
    __arm_cp.1_3                             0x08001fbc   Number         4  stm32g0xx_hal_rcc.o(.text.HAL_RCC_OscConfig)
    __arm_cp.1_4                             0x08001fc0   Number         4  stm32g0xx_hal_rcc.o(.text.HAL_RCC_OscConfig)
    __arm_cp.1_5                             0x08001fc4   Number         4  stm32g0xx_hal_rcc.o(.text.HAL_RCC_OscConfig)
    __arm_cp.1_6                             0x08001fc8   Number         4  stm32g0xx_hal_rcc.o(.text.HAL_RCC_OscConfig)
    __arm_cp.1_7                             0x08001fcc   Number         4  stm32g0xx_hal_rcc.o(.text.HAL_RCC_OscConfig)
    [Anonymous Symbol]                       0x08001fd0   Section        0  stm32g0xx_hal_cortex.o(.text.HAL_SYSTICK_Config)
    [Anonymous Symbol]                       0x08001fd8   Section        0  stm32g0xx_hal_uart_ex.o(.text.HAL_UARTEx_DisableFifoMode)
    [Anonymous Symbol]                       0x0800200e   Section        0  stm32g0xx_hal_uart.o(.text.HAL_UARTEx_RxEventCallback)
    [Anonymous Symbol]                       0x08002010   Section        0  stm32g0xx_hal_uart_ex.o(.text.HAL_UARTEx_RxFifoFullCallback)
    [Anonymous Symbol]                       0x08002012   Section        0  stm32g0xx_hal_uart_ex.o(.text.HAL_UARTEx_SetRxFifoThreshold)
    [Anonymous Symbol]                       0x08002058   Section        0  stm32g0xx_hal_uart_ex.o(.text.HAL_UARTEx_SetTxFifoThreshold)
    [Anonymous Symbol]                       0x0800209e   Section        0  stm32g0xx_hal_uart_ex.o(.text.HAL_UARTEx_TxFifoEmptyCallback)
    [Anonymous Symbol]                       0x080020a0   Section        0  stm32g0xx_hal_uart_ex.o(.text.HAL_UARTEx_WakeupCallback)
    [Anonymous Symbol]                       0x080020a2   Section        0  stm32g0xx_hal_uart.o(.text.HAL_UART_ErrorCallback)
    [Anonymous Symbol]                       0x080020a4   Section        0  stm32g0xx_hal_uart.o(.text.HAL_UART_IRQHandler)
    __arm_cp.44_0                            0x080023c0   Number         4  stm32g0xx_hal_uart.o(.text.HAL_UART_IRQHandler)
    __arm_cp.44_1                            0x080023c4   Number         4  stm32g0xx_hal_uart.o(.text.HAL_UART_IRQHandler)
    __arm_cp.44_2                            0x080023c8   Number         4  stm32g0xx_hal_uart.o(.text.HAL_UART_IRQHandler)
    __arm_cp.44_3                            0x080023cc   Number         4  stm32g0xx_hal_uart.o(.text.HAL_UART_IRQHandler)
    [Anonymous Symbol]                       0x080023d0   Section        0  stm32g0xx_hal_uart.o(.text.HAL_UART_Init)
    [Anonymous Symbol]                       0x0800243c   Section        0  stm32g0xx_hal_msp.o(.text.HAL_UART_MspInit)
    __arm_cp.1_0                             0x08002568   Number         4  stm32g0xx_hal_msp.o(.text.HAL_UART_MspInit)
    __arm_cp.1_1                             0x0800256c   Number         4  stm32g0xx_hal_msp.o(.text.HAL_UART_MspInit)
    __arm_cp.1_3                             0x08002570   Number         4  stm32g0xx_hal_msp.o(.text.HAL_UART_MspInit)
    __arm_cp.1_4                             0x08002574   Number         4  stm32g0xx_hal_msp.o(.text.HAL_UART_MspInit)
    __arm_cp.1_5                             0x08002578   Number         4  stm32g0xx_hal_msp.o(.text.HAL_UART_MspInit)
    [Anonymous Symbol]                       0x0800257c   Section        0  stm32g0xx_hal_uart.o(.text.HAL_UART_Receive_DMA)
    [Anonymous Symbol]                       0x080025e8   Section        0  main.o(.text.HAL_UART_RxCpltCallback)
    __arm_cp.7_0                             0x08002610   Number         4  main.o(.text.HAL_UART_RxCpltCallback)
    __arm_cp.7_1                             0x08002614   Number         4  main.o(.text.HAL_UART_RxCpltCallback)
    [Anonymous Symbol]                       0x08002618   Section        0  stm32g0xx_hal_uart.o(.text.HAL_UART_RxHalfCpltCallback)
    [Anonymous Symbol]                       0x0800261c   Section        0  stm32g0xx_hal_uart.o(.text.HAL_UART_Transmit)
    __arm_cp.10_0                            0x08002718   Number         4  stm32g0xx_hal_uart.o(.text.HAL_UART_Transmit)
    [Anonymous Symbol]                       0x0800271c   Section        0  stm32g0xx_hal_uart.o(.text.HAL_UART_TxCpltCallback)
    [Anonymous Symbol]                       0x0800271e   Section        0  stm32g0xx_it.o(.text.HardFault_Handler)
    LL_RCC_GetAPB1Prescaler                  0x08002721   Thumb Code    12  stm32g0xx_hal_rcc.o(.text.LL_RCC_GetAPB1Prescaler)
    [Anonymous Symbol]                       0x08002720   Section        0  stm32g0xx_hal_rcc.o(.text.LL_RCC_GetAPB1Prescaler)
    __arm_cp.7_0                             0x0800272c   Number         4  stm32g0xx_hal_rcc.o(.text.LL_RCC_GetAPB1Prescaler)
    MX_DMA_Init                              0x08002731   Thumb Code    64  main.o(.text.MX_DMA_Init)
    [Anonymous Symbol]                       0x08002730   Section        0  main.o(.text.MX_DMA_Init)
    __arm_cp.3_0                             0x08002770   Number         4  main.o(.text.MX_DMA_Init)
    MX_GPIO_Init                             0x08002775   Thumb Code   140  main.o(.text.MX_GPIO_Init)
    [Anonymous Symbol]                       0x08002774   Section        0  main.o(.text.MX_GPIO_Init)
    __arm_cp.2_0                             0x08002800   Number         4  main.o(.text.MX_GPIO_Init)
    __arm_cp.2_1                             0x08002804   Number         4  main.o(.text.MX_GPIO_Init)
    MX_USART1_UART_Init                      0x08002809   Thumb Code    84  main.o(.text.MX_USART1_UART_Init)
    [Anonymous Symbol]                       0x08002808   Section        0  main.o(.text.MX_USART1_UART_Init)
    __arm_cp.4_0                             0x0800285c   Number         4  main.o(.text.MX_USART1_UART_Init)
    __arm_cp.4_1                             0x08002860   Number         4  main.o(.text.MX_USART1_UART_Init)
    MX_USART2_UART_Init                      0x08002865   Thumb Code    52  main.o(.text.MX_USART2_UART_Init)
    [Anonymous Symbol]                       0x08002864   Section        0  main.o(.text.MX_USART2_UART_Init)
    __arm_cp.5_0                             0x08002898   Number         4  main.o(.text.MX_USART2_UART_Init)
    __arm_cp.5_1                             0x0800289c   Number         4  main.o(.text.MX_USART2_UART_Init)
    [Anonymous Symbol]                       0x080028a0   Section        0  stm32g0xx_it.o(.text.NMI_Handler)
    [Anonymous Symbol]                       0x080028a2   Section        0  stm32g0xx_it.o(.text.PendSV_Handler)
    [Anonymous Symbol]                       0x080028a4   Section        0  stm32g0xx_it.o(.text.SVC_Handler)
    SysTick_Config                           0x080028a9   Thumb Code    36  stm32g0xx_hal_cortex.o(.text.SysTick_Config)
    [Anonymous Symbol]                       0x080028a8   Section        0  stm32g0xx_hal_cortex.o(.text.SysTick_Config)
    __arm_cp.9_0                             0x080028cc   Number         4  stm32g0xx_hal_cortex.o(.text.SysTick_Config)
    [Anonymous Symbol]                       0x080028d0   Section        0  stm32g0xx_it.o(.text.SysTick_Handler)
    [Anonymous Symbol]                       0x080028d8   Section        0  main.o(.text.SystemClock_Config)
    [Anonymous Symbol]                       0x0800293c   Section        0  system_stm32g0xx.o(.text.SystemInit)
    UARTEx_SetNbDataToProcess                0x08002941   Thumb Code    64  stm32g0xx_hal_uart_ex.o(.text.UARTEx_SetNbDataToProcess)
    [Anonymous Symbol]                       0x08002940   Section        0  stm32g0xx_hal_uart_ex.o(.text.UARTEx_SetNbDataToProcess)
    __arm_cp.10_0                            0x08002980   Number         4  stm32g0xx_hal_uart_ex.o(.text.UARTEx_SetNbDataToProcess)
    __arm_cp.10_1                            0x08002984   Number         4  stm32g0xx_hal_uart_ex.o(.text.UARTEx_SetNbDataToProcess)
    [Anonymous Symbol]                       0x08002988   Section        0  stm32g0xx_hal_uart.o(.text.UART_AdvFeatureConfig)
    [Anonymous Symbol]                       0x08002a5c   Section        0  stm32g0xx_hal_uart.o(.text.UART_CheckIdleState)
    __arm_cp.4_0                             0x08002ac8   Number         4  stm32g0xx_hal_uart.o(.text.UART_CheckIdleState)
    UART_DMAAbortOnError                     0x08002acd   Thumb Code    22  stm32g0xx_hal_uart.o(.text.UART_DMAAbortOnError)
    [Anonymous Symbol]                       0x08002acc   Section        0  stm32g0xx_hal_uart.o(.text.UART_DMAAbortOnError)
    UART_DMAError                            0x08002ae3   Thumb Code    86  stm32g0xx_hal_uart.o(.text.UART_DMAError)
    [Anonymous Symbol]                       0x08002ae2   Section        0  stm32g0xx_hal_uart.o(.text.UART_DMAError)
    UART_DMAReceiveCplt                      0x08002b39   Thumb Code   140  stm32g0xx_hal_uart.o(.text.UART_DMAReceiveCplt)
    [Anonymous Symbol]                       0x08002b38   Section        0  stm32g0xx_hal_uart.o(.text.UART_DMAReceiveCplt)
    UART_DMARxHalfCplt                       0x08002bc5   Thumb Code    28  stm32g0xx_hal_uart.o(.text.UART_DMARxHalfCplt)
    [Anonymous Symbol]                       0x08002bc4   Section        0  stm32g0xx_hal_uart.o(.text.UART_DMARxHalfCplt)
    UART_EndRxTransfer                       0x08002be1   Thumb Code    92  stm32g0xx_hal_uart.o(.text.UART_EndRxTransfer)
    [Anonymous Symbol]                       0x08002be0   Section        0  stm32g0xx_hal_uart.o(.text.UART_EndRxTransfer)
    __arm_cp.30_0                            0x08002c3c   Number         4  stm32g0xx_hal_uart.o(.text.UART_EndRxTransfer)
    UART_EndTransmit_IT                      0x08002c41   Thumb Code    42  stm32g0xx_hal_uart.o(.text.UART_EndTransmit_IT)
    [Anonymous Symbol]                       0x08002c40   Section        0  stm32g0xx_hal_uart.o(.text.UART_EndTransmit_IT)
    UART_EndTxTransfer                       0x08002c6b   Thumb Code    56  stm32g0xx_hal_uart.o(.text.UART_EndTxTransfer)
    [Anonymous Symbol]                       0x08002c6a   Section        0  stm32g0xx_hal_uart.o(.text.UART_EndTxTransfer)
    [Anonymous Symbol]                       0x08002ca4   Section        0  stm32g0xx_hal_uart.o(.text.UART_SetConfig)
    __arm_cp.2_0                             0x08002e08   Number         4  stm32g0xx_hal_uart.o(.text.UART_SetConfig)
    __arm_cp.2_1                             0x08002e0c   Number         4  stm32g0xx_hal_uart.o(.text.UART_SetConfig)
    __arm_cp.2_2                             0x08002e10   Number         4  stm32g0xx_hal_uart.o(.text.UART_SetConfig)
    __arm_cp.2_3                             0x08002e14   Number         4  stm32g0xx_hal_uart.o(.text.UART_SetConfig)
    __arm_cp.2_4                             0x08002e18   Number         4  stm32g0xx_hal_uart.o(.text.UART_SetConfig)
    __arm_cp.2_6                             0x08002e2c   Number         4  stm32g0xx_hal_uart.o(.text.UART_SetConfig)
    __arm_cp.2_7                             0x08002e30   Number         4  stm32g0xx_hal_uart.o(.text.UART_SetConfig)
    __arm_cp.2_8                             0x08002e34   Number         4  stm32g0xx_hal_uart.o(.text.UART_SetConfig)
    __arm_cp.2_9                             0x08002e38   Number         4  stm32g0xx_hal_uart.o(.text.UART_SetConfig)
    [Anonymous Symbol]                       0x08002e3c   Section        0  stm32g0xx_hal_uart.o(.text.UART_Start_Receive_DMA)
    __arm_cp.25_0                            0x08002edc   Number         4  stm32g0xx_hal_uart.o(.text.UART_Start_Receive_DMA)
    __arm_cp.25_1                            0x08002ee0   Number         4  stm32g0xx_hal_uart.o(.text.UART_Start_Receive_DMA)
    __arm_cp.25_2                            0x08002ee4   Number         4  stm32g0xx_hal_uart.o(.text.UART_Start_Receive_DMA)
    [Anonymous Symbol]                       0x08002ee8   Section        0  stm32g0xx_hal_uart.o(.text.UART_WaitOnFlagUntilTimeout)
    [Anonymous Symbol]                       0x08002fd8   Section        0  stm32g0xx_it.o(.text.USART2_IRQHandler)
    __NVIC_EnableIRQ                         0x08002fe5   Thumb Code    20  stm32g0xx_hal_cortex.o(.text.__NVIC_EnableIRQ)
    [Anonymous Symbol]                       0x08002fe4   Section        0  stm32g0xx_hal_cortex.o(.text.__NVIC_EnableIRQ)
    __arm_cp.3_0                             0x08002ff8   Number         4  stm32g0xx_hal_cortex.o(.text.__NVIC_EnableIRQ)
    __NVIC_SetPriority                       0x08002ffd   Thumb Code    56  stm32g0xx_hal_cortex.o(.text.__NVIC_SetPriority)
    [Anonymous Symbol]                       0x08002ffc   Section        0  stm32g0xx_hal_cortex.o(.text.__NVIC_SetPriority)
    __arm_cp.1_0                             0x08003034   Number         4  stm32g0xx_hal_cortex.o(.text.__NVIC_SetPriority)
    __arm_cp.1_1                             0x08003038   Number         4  stm32g0xx_hal_cortex.o(.text.__NVIC_SetPriority)
    [Anonymous Symbol]                       0x0800303c   Section        0  air551g.o(.text.air551g_dataGet)
    __arm_cp.1_0                             0x08003120   Number         4  air551g.o(.text.air551g_dataGet)
    __arm_cp.1_1                             0x08003124   Number         4  air551g.o(.text.air551g_dataGet)
    __arm_cp.1_2                             0x08003128   Number         4  air551g.o(.text.air551g_dataGet)
    __arm_cp.1_3                             0x0800312c   Number         4  air551g.o(.text.air551g_dataGet)
    __arm_cp.1_6                             0x08003134   Number         4  air551g.o(.text.air551g_dataGet)
    [Anonymous Symbol]                       0x08003138   Section        0  air551g.o(.text.air551g_init)
    __arm_cp.0_0                             0x080031a4   Number         4  air551g.o(.text.air551g_init)
    __arm_cp.0_1                             0x080031a8   Number         4  air551g.o(.text.air551g_init)
    __arm_cp.0_2                             0x080031ac   Number         4  air551g.o(.text.air551g_init)
    __arm_cp.0_4                             0x080031b0   Number         4  air551g.o(.text.air551g_init)
    __arm_cp.0_5                             0x080031b4   Number         4  air551g.o(.text.air551g_init)
    __arm_cp.0_6                             0x080031b8   Number         4  air551g.o(.text.air551g_init)
    [Anonymous Symbol]                       0x080031bc   Section        0  air551g.o(.text.air551g_prepareRptBuffer)
    __arm_cp.5_0                             0x08003224   Number         4  air551g.o(.text.air551g_prepareRptBuffer)
    [Anonymous Symbol]                       0x08003228   Section        0  air551g.o(.text.air551g_rpt)
    __arm_cp.6_0                             0x08003240   Number         4  air551g.o(.text.air551g_rpt)
    __arm_cp.6_1                             0x08003244   Number         4  air551g.o(.text.air551g_rpt)
    __arm_cp.6_3                             0x08003248   Number         4  air551g.o(.text.air551g_rpt)
    [Anonymous Symbol]                       0x0800324c   Section        0  air551g.o(.text.gnss_getLocation)
    __arm_cp.3_2                             0x080032d8   Number         4  air551g.o(.text.gnss_getLocation)
    __arm_cp.3_3                             0x080032dc   Number         4  air551g.o(.text.gnss_getLocation)
    __arm_cp.3_4                             0x080032e0   Number         4  air551g.o(.text.gnss_getLocation)
    [Anonymous Symbol]                       0x080032e4   Section        0  maidenhead.o(.text.gnss_getMaidenhead)
    __arm_cp.0_0                             0x080033e8   Number         4  maidenhead.o(.text.gnss_getMaidenhead)
    __arm_cp.0_1                             0x080033ec   Number         4  maidenhead.o(.text.gnss_getMaidenhead)
    __arm_cp.0_2                             0x080033f0   Number         4  maidenhead.o(.text.gnss_getMaidenhead)
    __arm_cp.0_3                             0x080033f4   Number         4  maidenhead.o(.text.gnss_getMaidenhead)
    __arm_cp.0_4                             0x080033f8   Number         4  maidenhead.o(.text.gnss_getMaidenhead)
    __arm_cp.0_5                             0x080033fc   Number         4  maidenhead.o(.text.gnss_getMaidenhead)
    __arm_cp.0_6                             0x08003400   Number         4  maidenhead.o(.text.gnss_getMaidenhead)
    __arm_cp.0_7                             0x08003404   Number         4  maidenhead.o(.text.gnss_getMaidenhead)
    __arm_cp.0_8                             0x08003408   Number         4  maidenhead.o(.text.gnss_getMaidenhead)
    [Anonymous Symbol]                       0x0800340c   Section        0  air551g.o(.text.gnss_getSpeed)
    __arm_cp.4_0                             0x08003464   Number         4  air551g.o(.text.gnss_getSpeed)
    __arm_cp.4_1                             0x08003468   Number         4  air551g.o(.text.gnss_getSpeed)
    __arm_cp.4_3                             0x08003470   Number         4  air551g.o(.text.gnss_getSpeed)
    __arm_cp.4_4                             0x08003474   Number         4  air551g.o(.text.gnss_getSpeed)
    __arm_cp.4_5                             0x08003478   Number         4  air551g.o(.text.gnss_getSpeed)
    __arm_cp.4_6                             0x0800347c   Number         4  air551g.o(.text.gnss_getSpeed)
    [Anonymous Symbol]                       0x08003480   Section        0  air551g.o(.text.gnss_getTimeDate)
    __arm_cp.2_0                             0x08003600   Number         4  air551g.o(.text.gnss_getTimeDate)
    __arm_cp.2_1                             0x08003604   Number         4  air551g.o(.text.gnss_getTimeDate)
    __arm_cp.2_2                             0x08003608   Number         4  air551g.o(.text.gnss_getTimeDate)
    [Anonymous Symbol]                       0x0800360c   Section        0  main.o(.text.main)
    i.__ARM_clz                              0x0800362a   Section        0  depilogue.o(i.__ARM_clz)
    i.__scatterload_copy                     0x08003658   Section       14  handlers.o(i.__scatterload_copy)
    i.__scatterload_null                     0x08003666   Section        2  handlers.o(i.__scatterload_null)
    i.__scatterload_zeroinit                 0x08003668   Section       14  handlers.o(i.__scatterload_zeroinit)
    i._is_digit                              0x08003676   Section        0  scanf_fp.o(i._is_digit)
    .constdata                               0x08003684   Section       64  ctype_c.o(.constdata)
    UARTEx_SetNbDataToProcess.numerator      0x0800373c   Data           8  stm32g0xx_hal_uart_ex.o(.rodata.cst8)
    [Anonymous Symbol]                       0x0800373c   Section        0  stm32g0xx_hal_uart_ex.o(.rodata.cst8)
    UARTEx_SetNbDataToProcess.denominator    0x08003744   Data           8  stm32g0xx_hal_uart_ex.o(.rodata.cst8)
    [Anonymous Symbol]                       0x0800374c   Section        0  air551g.o(.rodata.str1.1)
    STACK                                    0x20000460   Section     1024  startup_stm32g030xx.o(STACK)

    Global Symbols

    Symbol Name                              Value     Ov Type        Size  Object(Section)

    BuildAttributes$$THM_ISAv3M$S$PE$A:L22$X:L11$S22$IEEE1$IW$~IW$USESV6$~STKCKD$USESV7$~SHL$OTIME$ROPI$EBA8$MICROLIB$REQ8$PRES8$EABIv2 0x00000000   Number         0  anon$$obj.o ABSOLUTE
    __cpp_initialize__aeabi_                  - Undefined Weak Reference
    __cxa_finalize                            - Undefined Weak Reference
    __decompress                              - Undefined Weak Reference
    _clock_init                               - Undefined Weak Reference
    _microlib_exit                            - Undefined Weak Reference
    _scanf_longlong                           - Undefined Weak Reference
    __Vectors_Size                           0x000000c0   Number         0  startup_stm32g030xx.o ABSOLUTE
    __Vectors                                0x08000000   Data           4  startup_stm32g030xx.o(RESET)
    __Vectors_End                            0x080000c0   Data           0  startup_stm32g030xx.o(RESET)
    __main                                   0x080000c1   Thumb Code     0  entry.o(.ARM.Collect$$$$00000000)
    _main_stk                                0x080000c1   Thumb Code     0  entry2.o(.ARM.Collect$$$$00000001)
    _main_scatterload                        0x080000c5   Thumb Code     0  entry5.o(.ARM.Collect$$$$00000004)
    __main_after_scatterload                 0x080000c9   Thumb Code     0  entry5.o(.ARM.Collect$$$$00000004)
    _main_clock                              0x080000c9   Thumb Code     0  entry7b.o(.ARM.Collect$$$$00000008)
    _main_cpp_init                           0x080000c9   Thumb Code     0  entry8b.o(.ARM.Collect$$$$0000000A)
    _main_init                               0x080000c9   Thumb Code     0  entry9a.o(.ARM.Collect$$$$0000000B)
    __rt_final_cpp                           0x080000d1   Thumb Code     0  entry10a.o(.ARM.Collect$$$$0000000D)
    __rt_final_exit                          0x080000d1   Thumb Code     0  entry11a.o(.ARM.Collect$$$$0000000F)
    Reset_Handler                            0x080000d5   Thumb Code     8  startup_stm32g030xx.o(.text)
    ADC1_IRQHandler                          0x080000e7   Thumb Code     0  startup_stm32g030xx.o(.text)
    DMA1_Ch4_5_DMAMUX1_OVR_IRQHandler        0x080000e7   Thumb Code     0  startup_stm32g030xx.o(.text)
    EXTI0_1_IRQHandler                       0x080000e7   Thumb Code     0  startup_stm32g030xx.o(.text)
    EXTI4_15_IRQHandler                      0x080000e7   Thumb Code     0  startup_stm32g030xx.o(.text)
    FLASH_IRQHandler                         0x080000e7   Thumb Code     0  startup_stm32g030xx.o(.text)
    I2C1_IRQHandler                          0x080000e7   Thumb Code     0  startup_stm32g030xx.o(.text)
    I2C2_IRQHandler                          0x080000e7   Thumb Code     0  startup_stm32g030xx.o(.text)
    RCC_IRQHandler                           0x080000e7   Thumb Code     0  startup_stm32g030xx.o(.text)
    RTC_TAMP_IRQHandler                      0x080000e7   Thumb Code     0  startup_stm32g030xx.o(.text)
    SPI1_IRQHandler                          0x080000e7   Thumb Code     0  startup_stm32g030xx.o(.text)
    SPI2_IRQHandler                          0x080000e7   Thumb Code     0  startup_stm32g030xx.o(.text)
    TIM14_IRQHandler                         0x080000e7   Thumb Code     0  startup_stm32g030xx.o(.text)
    TIM16_IRQHandler                         0x080000e7   Thumb Code     0  startup_stm32g030xx.o(.text)
    TIM17_IRQHandler                         0x080000e7   Thumb Code     0  startup_stm32g030xx.o(.text)
    TIM1_BRK_UP_TRG_COM_IRQHandler           0x080000e7   Thumb Code     0  startup_stm32g030xx.o(.text)
    TIM1_CC_IRQHandler                       0x080000e7   Thumb Code     0  startup_stm32g030xx.o(.text)
    TIM3_IRQHandler                          0x080000e7   Thumb Code     0  startup_stm32g030xx.o(.text)
    USART1_IRQHandler                        0x080000e7   Thumb Code     0  startup_stm32g030xx.o(.text)
    WWDG_IRQHandler                          0x080000e7   Thumb Code     0  startup_stm32g030xx.o(.text)
    __aeabi_memcpy                           0x080000f1   Thumb Code    36  memcpya.o(.text)
    __aeabi_memcpy4                          0x080000f1   Thumb Code     0  memcpya.o(.text)
    __aeabi_memcpy8                          0x080000f1   Thumb Code     0  memcpya.o(.text)
    __aeabi_memset                           0x08000115   Thumb Code    14  memseta.o(.text)
    __aeabi_memset4                          0x08000115   Thumb Code     0  memseta.o(.text)
    __aeabi_memset8                          0x08000115   Thumb Code     0  memseta.o(.text)
    __aeabi_memclr                           0x08000123   Thumb Code     4  memseta.o(.text)
    __aeabi_memclr4                          0x08000123   Thumb Code     0  memseta.o(.text)
    __aeabi_memclr8                          0x08000123   Thumb Code     0  memseta.o(.text)
    _memset$wrapper                          0x08000127   Thumb Code    18  memseta.o(.text)
    __0sscanf                                0x08000139   Thumb Code    50  __0sscanf.o(.text)
    _scanf_int                               0x08000175   Thumb Code   330  _scanf_int.o(.text)
    _scanf_string                            0x080002bf   Thumb Code   232  _scanf_str.o(.text)
    _scanf_real                              0x080004c7   Thumb Code     0  scanf_fp.o(.text)
    _scanf_really_real                       0x080004c7   Thumb Code   584  scanf_fp.o(.text)
    __aeabi_dadd                             0x0800071d   Thumb Code   328  dadd.o(.text)
    __aeabi_dsub                             0x08000865   Thumb Code    12  dadd.o(.text)
    __aeabi_drsub                            0x08000871   Thumb Code    12  dadd.o(.text)
    __aeabi_dmul                             0x08000881   Thumb Code   202  dmul.o(.text)
    __aeabi_ddiv                             0x08000951   Thumb Code   234  ddiv.o(.text)
    __aeabi_i2d                              0x08000a41   Thumb Code    34  dflti.o(.text)
    __aeabi_f2iz                             0x08000a69   Thumb Code    50  ffixi.o(.text)
    __aeabi_f2d                              0x08000a9b   Thumb Code    40  f2d.o(.text)
    __aeabi_d2f                              0x08000ac3   Thumb Code    56  d2f.o(.text)
    __aeabi_uidiv                            0x08000afb   Thumb Code     0  uidiv_div0.o(.text)
    __aeabi_uidivmod                         0x08000afb   Thumb Code    62  uidiv_div0.o(.text)
    __aeabi_lmul                             0x08000b39   Thumb Code    48  llmul.o(.text)
    _ll_mul                                  0x08000b39   Thumb Code     0  llmul.o(.text)
    __aeabi_llsl                             0x08000b69   Thumb Code    32  llshl.o(.text)
    _ll_shift_l                              0x08000b69   Thumb Code     0  llshl.o(.text)
    __aeabi_lasr                             0x08000b89   Thumb Code    38  llsshr.o(.text)
    _ll_sshift_r                             0x08000b89   Thumb Code     0  llsshr.o(.text)
    _chval                                   0x08000baf   Thumb Code    30  _chval.o(.text)
    __vfscanf_char                           0x08000bd9   Thumb Code    24  scanf_char.o(.text)
    _sgetc                                   0x08000bf9   Thumb Code    32  _sgetc.o(.text)
    _sbackspace                              0x08000c19   Thumb Code    36  _sgetc.o(.text)
    __I$use$fp                               0x08000c3d   Thumb Code     0  iusefp.o(.text)
    _float_round                             0x08000c3d   Thumb Code    16  fepilogue.o(.text)
    _float_epilogue                          0x08000c4d   Thumb Code   114  fepilogue.o(.text)
    _double_round                            0x08000cbf   Thumb Code    26  depilogue.o(.text)
    _double_epilogue                         0x08000cd9   Thumb Code   164  depilogue.o(.text)
    __aeabi_ul2d                             0x08000d7d   Thumb Code    22  dfltul.o(.text)
    __scatterload                            0x08000d99   Thumb Code    28  init.o(.text)
    __scatterload_rt2                        0x08000d99   Thumb Code     0  init.o(.text)
    __aeabi_llsr                             0x08000dbd   Thumb Code    34  llushr.o(.text)
    _ll_ushift_r                             0x08000dbd   Thumb Code     0  llushr.o(.text)
    isspace                                  0x08000ddf   Thumb Code    14  isspace_c.o(.text)
    __vfscanf                                0x08000ded   Thumb Code   812  _scanf.o(.text)
    __ctype_lookup                           0x08001125   Thumb Code    32  ctype_c.o(.text)
    DMA1_Channel1_IRQHandler                 0x08001149   Thumb Code    12  stm32g0xx_it.o(.text.DMA1_Channel1_IRQHandler)
    DMA1_Channel2_3_IRQHandler               0x08001159   Thumb Code    12  stm32g0xx_it.o(.text.DMA1_Channel2_3_IRQHandler)
    EXTI2_3_IRQHandler                       0x08001201   Thumb Code    10  stm32g0xx_it.o(.text.EXTI2_3_IRQHandler)
    Error_Handler                            0x0800120b   Thumb Code     8  main.o(.text.Error_Handler)
    HAL_DMA_Abort                            0x08001215   Thumb Code   108  stm32g0xx_hal_dma.o(.text.HAL_DMA_Abort)
    HAL_DMA_Abort_IT                         0x08001281   Thumb Code   112  stm32g0xx_hal_dma.o(.text.HAL_DMA_Abort_IT)
    HAL_DMA_IRQHandler                       0x080012f5   Thumb Code   180  stm32g0xx_hal_dma.o(.text.HAL_DMA_IRQHandler)
    HAL_DMA_Init                             0x080013ad   Thumb Code   172  stm32g0xx_hal_dma.o(.text.HAL_DMA_Init)
    HAL_DMA_Start_IT                         0x08001461   Thumb Code   136  stm32g0xx_hal_dma.o(.text.HAL_DMA_Start_IT)
    HAL_Delay                                0x080014e9   Thumb Code    32  stm32g0xx_hal.o(.text.HAL_Delay)
    HAL_GPIO_EXTI_Falling_Callback           0x08001509   Thumb Code     2  stm32g0xx_hal_gpio.o(.text.HAL_GPIO_EXTI_Falling_Callback)
    HAL_GPIO_EXTI_IRQHandler                 0x0800150d   Thumb Code    36  stm32g0xx_hal_gpio.o(.text.HAL_GPIO_EXTI_IRQHandler)
    HAL_GPIO_EXTI_Rising_Callback            0x08001535   Thumb Code     2  stm32g0xx_hal_gpio.o(.text.HAL_GPIO_EXTI_Rising_Callback)
    HAL_GPIO_Init                            0x08001539   Thumb Code   388  stm32g0xx_hal_gpio.o(.text.HAL_GPIO_Init)
    HAL_GPIO_WritePin                        0x080016d1   Thumb Code    16  stm32g0xx_hal_gpio.o(.text.HAL_GPIO_WritePin)
    HAL_GetTick                              0x080016e1   Thumb Code     8  stm32g0xx_hal.o(.text.HAL_GetTick)
    HAL_IncTick                              0x080016e9   Thumb Code    16  stm32g0xx_hal.o(.text.HAL_IncTick)
    HAL_Init                                 0x080016fd   Thumb Code    40  stm32g0xx_hal.o(.text.HAL_Init)
    HAL_InitTick                             0x08001725   Thumb Code    64  stm32g0xx_hal.o(.text.HAL_InitTick)
    HAL_MspInit                              0x08001769   Thumb Code    40  stm32g0xx_hal_msp.o(.text.HAL_MspInit)
    HAL_NVIC_EnableIRQ                       0x08001795   Thumb Code     8  stm32g0xx_hal_cortex.o(.text.HAL_NVIC_EnableIRQ)
    HAL_NVIC_SetPriority                     0x0800179d   Thumb Code     8  stm32g0xx_hal_cortex.o(.text.HAL_NVIC_SetPriority)
    HAL_PWREx_ControlVoltageScaling          0x080017a5   Thumb Code    72  stm32g0xx_hal_pwr_ex.o(.text.HAL_PWREx_ControlVoltageScaling)
    HAL_RCCEx_PeriphCLKConfig                0x080017f1   Thumb Code   372  stm32g0xx_hal_rcc_ex.o(.text.HAL_RCCEx_PeriphCLKConfig)
    HAL_RCC_ClockConfig                      0x08001975   Thumb Code   352  stm32g0xx_hal_rcc.o(.text.HAL_RCC_ClockConfig)
    HAL_RCC_GetHCLKFreq                      0x08001ae5   Thumb Code     8  stm32g0xx_hal_rcc.o(.text.HAL_RCC_GetHCLKFreq)
    HAL_RCC_GetPCLK1Freq                     0x08001af1   Thumb Code    32  stm32g0xx_hal_rcc.o(.text.HAL_RCC_GetPCLK1Freq)
    HAL_RCC_GetSysClockFreq                  0x08001b15   Thumb Code   124  stm32g0xx_hal_rcc.o(.text.HAL_RCC_GetSysClockFreq)
    HAL_RCC_OscConfig                        0x08001b9d   Thumb Code  1048  stm32g0xx_hal_rcc.o(.text.HAL_RCC_OscConfig)
    HAL_SYSTICK_Config                       0x08001fd1   Thumb Code     8  stm32g0xx_hal_cortex.o(.text.HAL_SYSTICK_Config)
    HAL_UARTEx_DisableFifoMode               0x08001fd9   Thumb Code    54  stm32g0xx_hal_uart_ex.o(.text.HAL_UARTEx_DisableFifoMode)
    HAL_UARTEx_RxEventCallback               0x0800200f   Thumb Code     2  stm32g0xx_hal_uart.o(.text.HAL_UARTEx_RxEventCallback)
    HAL_UARTEx_RxFifoFullCallback            0x08002011   Thumb Code     2  stm32g0xx_hal_uart_ex.o(.text.HAL_UARTEx_RxFifoFullCallback)
    HAL_UARTEx_SetRxFifoThreshold            0x08002013   Thumb Code    70  stm32g0xx_hal_uart_ex.o(.text.HAL_UARTEx_SetRxFifoThreshold)
    HAL_UARTEx_SetTxFifoThreshold            0x08002059   Thumb Code    70  stm32g0xx_hal_uart_ex.o(.text.HAL_UARTEx_SetTxFifoThreshold)
    HAL_UARTEx_TxFifoEmptyCallback           0x0800209f   Thumb Code     2  stm32g0xx_hal_uart_ex.o(.text.HAL_UARTEx_TxFifoEmptyCallback)
    HAL_UARTEx_WakeupCallback                0x080020a1   Thumb Code     2  stm32g0xx_hal_uart_ex.o(.text.HAL_UARTEx_WakeupCallback)
    HAL_UART_ErrorCallback                   0x080020a3   Thumb Code     2  stm32g0xx_hal_uart.o(.text.HAL_UART_ErrorCallback)
    HAL_UART_IRQHandler                      0x080020a5   Thumb Code   796  stm32g0xx_hal_uart.o(.text.HAL_UART_IRQHandler)
    HAL_UART_Init                            0x080023d1   Thumb Code   108  stm32g0xx_hal_uart.o(.text.HAL_UART_Init)
    HAL_UART_MspInit                         0x0800243d   Thumb Code   300  stm32g0xx_hal_msp.o(.text.HAL_UART_MspInit)
    HAL_UART_Receive_DMA                     0x0800257d   Thumb Code   108  stm32g0xx_hal_uart.o(.text.HAL_UART_Receive_DMA)
    HAL_UART_RxCpltCallback                  0x080025e9   Thumb Code    40  main.o(.text.HAL_UART_RxCpltCallback)
    HAL_UART_RxHalfCpltCallback              0x08002619   Thumb Code     2  stm32g0xx_hal_uart.o(.text.HAL_UART_RxHalfCpltCallback)
    HAL_UART_Transmit                        0x0800261d   Thumb Code   252  stm32g0xx_hal_uart.o(.text.HAL_UART_Transmit)
    HAL_UART_TxCpltCallback                  0x0800271d   Thumb Code     2  stm32g0xx_hal_uart.o(.text.HAL_UART_TxCpltCallback)
    HardFault_Handler                        0x0800271f   Thumb Code     2  stm32g0xx_it.o(.text.HardFault_Handler)
    NMI_Handler                              0x080028a1   Thumb Code     2  stm32g0xx_it.o(.text.NMI_Handler)
    PendSV_Handler                           0x080028a3   Thumb Code     2  stm32g0xx_it.o(.text.PendSV_Handler)
    SVC_Handler                              0x080028a5   Thumb Code     2  stm32g0xx_it.o(.text.SVC_Handler)
    SysTick_Handler                          0x080028d1   Thumb Code     8  stm32g0xx_it.o(.text.SysTick_Handler)
    SystemClock_Config                       0x080028d9   Thumb Code   100  main.o(.text.SystemClock_Config)
    SystemInit                               0x0800293d   Thumb Code     2  system_stm32g0xx.o(.text.SystemInit)
    UART_AdvFeatureConfig                    0x08002989   Thumb Code   210  stm32g0xx_hal_uart.o(.text.UART_AdvFeatureConfig)
    UART_CheckIdleState                      0x08002a5d   Thumb Code   108  stm32g0xx_hal_uart.o(.text.UART_CheckIdleState)
    UART_SetConfig                           0x08002ca5   Thumb Code   356  stm32g0xx_hal_uart.o(.text.UART_SetConfig)
    UART_Start_Receive_DMA                   0x08002e3d   Thumb Code   160  stm32g0xx_hal_uart.o(.text.UART_Start_Receive_DMA)
    UART_WaitOnFlagUntilTimeout              0x08002ee9   Thumb Code   238  stm32g0xx_hal_uart.o(.text.UART_WaitOnFlagUntilTimeout)
    USART2_IRQHandler                        0x08002fd9   Thumb Code    12  stm32g0xx_it.o(.text.USART2_IRQHandler)
    air551g_dataGet                          0x0800303d   Thumb Code   228  air551g.o(.text.air551g_dataGet)
    air551g_init                             0x08003139   Thumb Code   108  air551g.o(.text.air551g_init)
    air551g_prepareRptBuffer                 0x080031bd   Thumb Code   104  air551g.o(.text.air551g_prepareRptBuffer)
    air551g_rpt                              0x08003229   Thumb Code    24  air551g.o(.text.air551g_rpt)
    gnss_getLocation                         0x0800324d   Thumb Code   140  air551g.o(.text.gnss_getLocation)
    gnss_getMaidenhead                       0x080032e5   Thumb Code   260  maidenhead.o(.text.gnss_getMaidenhead)
    gnss_getSpeed                            0x0800340d   Thumb Code    88  air551g.o(.text.gnss_getSpeed)
    gnss_getTimeDate                         0x08003481   Thumb Code   384  air551g.o(.text.gnss_getTimeDate)
    main                                     0x0800360d   Thumb Code    30  main.o(.text.main)
    __ARM_clz                                0x0800362b   Thumb Code    46  depilogue.o(i.__ARM_clz)
    __scatterload_copy                       0x08003659   Thumb Code    14  handlers.o(i.__scatterload_copy)
    __scatterload_null                       0x08003667   Thumb Code     2  handlers.o(i.__scatterload_null)
    __scatterload_zeroinit                   0x08003669   Thumb Code    14  handlers.o(i.__scatterload_zeroinit)
    _is_digit                                0x08003677   Thumb Code    14  scanf_fp.o(i._is_digit)
    __ctype_categories                       0x08003684   Data          64  ctype_c.o(.constdata)
    AHBPrescTable                            0x080036c4   Data          64  system_stm32g0xx.o(.rodata.AHBPrescTable)
    APBPrescTable                            0x08003704   Data          32  system_stm32g0xx.o(.rodata.APBPrescTable)
    UARTPrescTable                           0x08003724   Data          24  stm32g0xx_hal_uart.o(.rodata.UARTPrescTable)
    Region$$Table$$Base                      0x08003758   Number         0  anon$$obj.o(Region$$Table)
    Region$$Table$$Limit                     0x08003778   Number         0  anon$$obj.o(Region$$Table)
    Init_GKC242                              0x20000000   Data          28  air551g.o(.data.Init_GKC242)
    Init_HotStartup                          0x2000001c   Data          18  air551g.o(.data.Init_HotStartup)
    Init_SetRprtRate                         0x2000002e   Data          18  air551g.o(.data.Init_SetRprtRate)
    Init_Use_L1andL5                         0x20000040   Data          20  air551g.o(.data.Init_Use_L1andL5)
    SystemCoreClock                          0x20000054   Data           4  system_stm32g0xx.o(.data.SystemCoreClock)
    uwTickFreq                               0x20000058   Data           1  stm32g0xx_hal.o(.data.uwTickFreq)
    uwTickPrio                               0x2000005c   Data           4  stm32g0xx_hal.o(.data.uwTickPrio)
    bcc_Checksum                             0x20000060   Data           1  air551g.o(.bss.bcc_Checksum)
    commaPos                                 0x20000061   Data          12  air551g.o(.bss.commaPos)
    counter                                  0x20000070   Data           4  main.o(.bss.counter)
    gnss                                     0x20000078   Data          96  main.o(.bss.gnss)
    hdma_usart1_tx                           0x200000d8   Data          92  main.o(.bss.hdma_usart1_tx)
    hdma_usart2_rx                           0x20000134   Data          92  main.o(.bss.hdma_usart2_rx)
    huart1                                   0x20000190   Data         144  main.o(.bss.huart1)
    huart2                                   0x20000220   Data         144  main.o(.bss.huart2)
    packSize                                 0x200002b0   Data           2  air551g.o(.bss.packSize)
    rptBuffer                                0x200002b4   Data         120  air551g.o(.bss.rptBuffer)
    rxBuffer                                 0x2000032c   Data         300  air551g.o(.bss.rxBuffer)
    uwTick                                   0x20000458   Data           4  stm32g0xx_hal.o(.bss.uwTick)
    __initial_sp                             0x20000860   Data           0  startup_stm32g030xx.o(STACK)



==============================================================================

Memory Map of the image

  Image Entry point : 0x080000c1

  Load Region LR_IROM1 (Base: 0x08000000, Size: 0x000037d8, Max: 0x00010000, ABSOLUTE)

    Execution Region ER_IROM1 (Exec base: 0x08000000, Load base: 0x08000000, Size: 0x00003778, Max: 0x00010000, ABSOLUTE)

    Exec Addr    Load Addr    Size         Type   Attr      Idx    E Section Name        Object

    0x08000000   0x08000000   0x000000c0   Data   RO            3    RESET               startup_stm32g030xx.o
    0x080000c0   0x080000c0   0x00000000   Code   RO          772  * .ARM.Collect$$$$00000000  mc_p.l(entry.o)
    0x080000c0   0x080000c0   0x00000004   Code   RO          811    .ARM.Collect$$$$00000001  mc_p.l(entry2.o)
    0x080000c4   0x080000c4   0x00000004   Code   RO          814    .ARM.Collect$$$$00000004  mc_p.l(entry5.o)
    0x080000c8   0x080000c8   0x00000000   Code   RO          816    .ARM.Collect$$$$00000008  mc_p.l(entry7b.o)
    0x080000c8   0x080000c8   0x00000000   Code   RO          818    .ARM.Collect$$$$0000000A  mc_p.l(entry8b.o)
    0x080000c8   0x080000c8   0x00000008   Code   RO          819    .ARM.Collect$$$$0000000B  mc_p.l(entry9a.o)
    0x080000d0   0x080000d0   0x00000000   Code   RO          821    .ARM.Collect$$$$0000000D  mc_p.l(entry10a.o)
    0x080000d0   0x080000d0   0x00000000   Code   RO          823    .ARM.Collect$$$$0000000F  mc_p.l(entry11a.o)
    0x080000d0   0x080000d0   0x00000004   Code   RO          812    .ARM.Collect$$$$00002712  mc_p.l(entry2.o)
    0x080000d4   0x080000d4   0x0000001c   Code   RO            4    .text               startup_stm32g030xx.o
    0x080000f0   0x080000f0   0x00000024   Code   RO          781    .text               mc_p.l(memcpya.o)
    0x08000114   0x08000114   0x00000024   Code   RO          783    .text               mc_p.l(memseta.o)
    0x08000138   0x08000138   0x0000003c   Code   RO          787    .text               mc_p.l(__0sscanf.o)
    0x08000174   0x08000174   0x0000014a   Code   RO          789    .text               mc_p.l(_scanf_int.o)
    0x080002be   0x080002be   0x000000e8   Code   RO          791    .text               mc_p.l(_scanf_str.o)
    0x080003a6   0x080003a6   0x00000002   PAD
    0x080003a8   0x080003a8   0x00000374   Code   RO          793    .text               mc_p.l(scanf_fp.o)
    0x0800071c   0x0800071c   0x00000164   Code   RO          797    .text               mf_p.l(dadd.o)
    0x08000880   0x08000880   0x000000d0   Code   RO          799    .text               mf_p.l(dmul.o)
    0x08000950   0x08000950   0x000000f0   Code   RO          801    .text               mf_p.l(ddiv.o)
    0x08000a40   0x08000a40   0x00000028   Code   RO          803    .text               mf_p.l(dflti.o)
    0x08000a68   0x08000a68   0x00000032   Code   RO          805    .text               mf_p.l(ffixi.o)
    0x08000a9a   0x08000a9a   0x00000028   Code   RO          807    .text               mf_p.l(f2d.o)
    0x08000ac2   0x08000ac2   0x00000038   Code   RO          809    .text               mf_p.l(d2f.o)
    0x08000afa   0x08000afa   0x0000003e   Code   RO          829    .text               mc_p.l(uidiv_div0.o)
    0x08000b38   0x08000b38   0x00000030   Code   RO          835    .text               mc_p.l(llmul.o)
    0x08000b68   0x08000b68   0x00000020   Code   RO          837    .text               mc_p.l(llshl.o)
    0x08000b88   0x08000b88   0x00000026   Code   RO          839    .text               mc_p.l(llsshr.o)
    0x08000bae   0x08000bae   0x0000001e   Code   RO          841    .text               mc_p.l(_chval.o)
    0x08000bcc   0x08000bcc   0x0000002c   Code   RO          843    .text               mc_p.l(scanf_char.o)
    0x08000bf8   0x08000bf8   0x00000044   Code   RO          845    .text               mc_p.l(_sgetc.o)
    0x08000c3c   0x08000c3c   0x00000000   Code   RO          847    .text               mc_p.l(iusefp.o)
    0x08000c3c   0x08000c3c   0x00000082   Code   RO          848    .text               mf_p.l(fepilogue.o)
    0x08000cbe   0x08000cbe   0x000000be   Code   RO          850    .text               mf_p.l(depilogue.o)
    0x08000d7c   0x08000d7c   0x0000001c   Code   RO          854    .text               mf_p.l(dfltul.o)
    0x08000d98   0x08000d98   0x00000024   Code   RO          856    .text               mc_p.l(init.o)
    0x08000dbc   0x08000dbc   0x00000022   Code   RO          858    .text               mc_p.l(llushr.o)
    0x08000dde   0x08000dde   0x0000000e   Code   RO          860    .text               mc_p.l(isspace_c.o)
    0x08000dec   0x08000dec   0x00000338   Code   RO          862    .text               mc_p.l(_scanf.o)
    0x08001124   0x08001124   0x00000024   Code   RO          864    .text               mc_p.l(ctype_c.o)
    0x08001148   0x08001148   0x00000010   Code   RO           54    .text.DMA1_Channel1_IRQHandler  stm32g0xx_it.o
    0x08001158   0x08001158   0x00000010   Code   RO           56    .text.DMA1_Channel2_3_IRQHandler  stm32g0xx_it.o
    0x08001168   0x08001168   0x00000030   Code   RO          437    .text.DMA_CalcDMAMUXChannelBaseAndMask  stm32g0xx_hal_dma.o
    0x08001198   0x08001198   0x00000028   Code   RO          439    .text.DMA_CalcDMAMUXRequestGenBaseAndMask  stm32g0xx_hal_dma.o
    0x080011c0   0x080011c0   0x00000040   Code   RO          445    .text.DMA_SetConfig  stm32g0xx_hal_dma.o
    0x08001200   0x08001200   0x0000000a   Code   RO           52    .text.EXTI2_3_IRQHandler  stm32g0xx_it.o
    0x0800120a   0x0800120a   0x00000008   Code   RO           23    .text.Error_Handler  main.o
    0x08001212   0x08001212   0x00000002   PAD
    0x08001214   0x08001214   0x0000006c   Code   RO          449    .text.HAL_DMA_Abort  stm32g0xx_hal_dma.o
    0x08001280   0x08001280   0x00000074   Code   RO          451    .text.HAL_DMA_Abort_IT  stm32g0xx_hal_dma.o
    0x080012f4   0x080012f4   0x000000b8   Code   RO          455    .text.HAL_DMA_IRQHandler  stm32g0xx_hal_dma.o
    0x080013ac   0x080013ac   0x000000b4   Code   RO          435    .text.HAL_DMA_Init  stm32g0xx_hal_dma.o
    0x08001460   0x08001460   0x00000088   Code   RO          447    .text.HAL_DMA_Start_IT  stm32g0xx_hal_dma.o
    0x080014e8   0x080014e8   0x00000020   Code   RO          640    .text.HAL_Delay     stm32g0xx_hal.o
    0x08001508   0x08001508   0x00000002   Code   RO          425    .text.HAL_GPIO_EXTI_Falling_Callback  stm32g0xx_hal_gpio.o
    0x0800150a   0x0800150a   0x00000002   PAD
    0x0800150c   0x0800150c   0x00000028   Code   RO          421    .text.HAL_GPIO_EXTI_IRQHandler  stm32g0xx_hal_gpio.o
    0x08001534   0x08001534   0x00000002   Code   RO          423    .text.HAL_GPIO_EXTI_Rising_Callback  stm32g0xx_hal_gpio.o
    0x08001536   0x08001536   0x00000002   PAD
    0x08001538   0x08001538   0x00000198   Code   RO          409    .text.HAL_GPIO_Init  stm32g0xx_hal_gpio.o
    0x080016d0   0x080016d0   0x00000010   Code   RO          415    .text.HAL_GPIO_WritePin  stm32g0xx_hal_gpio.o
    0x080016e0   0x080016e0   0x00000008   Code   RO          632    .text.HAL_GetTick   stm32g0xx_hal.o
    0x080016e8   0x080016e8   0x00000014   Code   RO          630    .text.HAL_IncTick   stm32g0xx_hal.o
    0x080016fc   0x080016fc   0x00000028   Code   RO          620    .text.HAL_Init      stm32g0xx_hal.o
    0x08001724   0x08001724   0x00000044   Code   RO          622    .text.HAL_InitTick  stm32g0xx_hal.o
    0x08001768   0x08001768   0x0000002c   Code   RO           67    .text.HAL_MspInit   stm32g0xx_hal_msp.o
    0x08001794   0x08001794   0x00000008   Code   RO          568    .text.HAL_NVIC_EnableIRQ  stm32g0xx_hal_cortex.o
    0x0800179c   0x0800179c   0x00000008   Code   RO          564    .text.HAL_NVIC_SetPriority  stm32g0xx_hal_cortex.o
    0x080017a4   0x080017a4   0x0000004c   Code   RO          550    .text.HAL_PWREx_ControlVoltageScaling  stm32g0xx_hal_pwr_ex.o
    0x080017f0   0x080017f0   0x00000184   Code   RO          317    .text.HAL_RCCEx_PeriphCLKConfig  stm32g0xx_hal_rcc_ex.o
    0x08001974   0x08001974   0x00000170   Code   RO          279    .text.HAL_RCC_ClockConfig  stm32g0xx_hal_rcc.o
    0x08001ae4   0x08001ae4   0x0000000c   Code   RO          285    .text.HAL_RCC_GetHCLKFreq  stm32g0xx_hal_rcc.o
    0x08001af0   0x08001af0   0x00000024   Code   RO          287    .text.HAL_RCC_GetPCLK1Freq  stm32g0xx_hal_rcc.o
    0x08001b14   0x08001b14   0x00000088   Code   RO          281    .text.HAL_RCC_GetSysClockFreq  stm32g0xx_hal_rcc.o
    0x08001b9c   0x08001b9c   0x00000434   Code   RO          277    .text.HAL_RCC_OscConfig  stm32g0xx_hal_rcc.o
    0x08001fd0   0x08001fd0   0x00000008   Code   RO          580    .text.HAL_SYSTICK_Config  stm32g0xx_hal_cortex.o
    0x08001fd8   0x08001fd8   0x00000036   Code   RO          254    .text.HAL_UARTEx_DisableFifoMode  stm32g0xx_hal_uart_ex.o
    0x0800200e   0x0800200e   0x00000002   Code   RO          177    .text.HAL_UARTEx_RxEventCallback  stm32g0xx_hal_uart.o
    0x08002010   0x08002010   0x00000002   Code   RO          236    .text.HAL_UARTEx_RxFifoFullCallback  stm32g0xx_hal_uart_ex.o
    0x08002012   0x08002012   0x00000046   Code   RO          258    .text.HAL_UARTEx_SetRxFifoThreshold  stm32g0xx_hal_uart_ex.o
    0x08002058   0x08002058   0x00000046   Code   RO          256    .text.HAL_UARTEx_SetTxFifoThreshold  stm32g0xx_hal_uart_ex.o
    0x0800209e   0x0800209e   0x00000002   Code   RO          238    .text.HAL_UARTEx_TxFifoEmptyCallback  stm32g0xx_hal_uart_ex.o
    0x080020a0   0x080020a0   0x00000002   Code   RO          234    .text.HAL_UARTEx_WakeupCallback  stm32g0xx_hal_uart_ex.o
    0x080020a2   0x080020a2   0x00000002   Code   RO          175    .text.HAL_UART_ErrorCallback  stm32g0xx_hal_uart.o
    0x080020a4   0x080020a4   0x0000032c   Code   RO          171    .text.HAL_UART_IRQHandler  stm32g0xx_hal_uart.o
    0x080023d0   0x080023d0   0x0000006c   Code   RO           83    .text.HAL_UART_Init  stm32g0xx_hal_uart.o
    0x0800243c   0x0800243c   0x00000140   Code   RO           69    .text.HAL_UART_MspInit  stm32g0xx_hal_msp.o
    0x0800257c   0x0800257c   0x0000006c   Code   RO          131    .text.HAL_UART_Receive_DMA  stm32g0xx_hal_uart.o
    0x080025e8   0x080025e8   0x00000030   Code   RO           25    .text.HAL_UART_RxCpltCallback  main.o
    0x08002618   0x08002618   0x00000002   Code   RO          187    .text.HAL_UART_RxHalfCpltCallback  stm32g0xx_hal_uart.o
    0x0800261a   0x0800261a   0x00000002   PAD
    0x0800261c   0x0800261c   0x00000100   Code   RO          103    .text.HAL_UART_Transmit  stm32g0xx_hal_uart.o
    0x0800271c   0x0800271c   0x00000002   Code   RO          181    .text.HAL_UART_TxCpltCallback  stm32g0xx_hal_uart.o
    0x0800271e   0x0800271e   0x00000002   Code   RO           44    .text.HardFault_Handler  stm32g0xx_it.o
    0x08002720   0x08002720   0x00000010   Code   RO          289    .text.LL_RCC_GetAPB1Prescaler  stm32g0xx_hal_rcc.o
    0x08002730   0x08002730   0x00000044   Code   RO           17    .text.MX_DMA_Init   main.o
    0x08002774   0x08002774   0x00000094   Code   RO           15    .text.MX_GPIO_Init  main.o
    0x08002808   0x08002808   0x0000005c   Code   RO           19    .text.MX_USART1_UART_Init  main.o
    0x08002864   0x08002864   0x0000003c   Code   RO           21    .text.MX_USART2_UART_Init  main.o
    0x080028a0   0x080028a0   0x00000002   Code   RO           42    .text.NMI_Handler   stm32g0xx_it.o
    0x080028a2   0x080028a2   0x00000002   Code   RO           48    .text.PendSV_Handler  stm32g0xx_it.o
    0x080028a4   0x080028a4   0x00000002   Code   RO           46    .text.SVC_Handler   stm32g0xx_it.o
    0x080028a6   0x080028a6   0x00000002   PAD
    0x080028a8   0x080028a8   0x00000028   Code   RO          582    .text.SysTick_Config  stm32g0xx_hal_cortex.o
    0x080028d0   0x080028d0   0x00000008   Code   RO           50    .text.SysTick_Handler  stm32g0xx_it.o
    0x080028d8   0x080028d8   0x00000064   Code   RO           13    .text.SystemClock_Config  main.o
    0x0800293c   0x0800293c   0x00000002   Code   RO          715    .text.SystemInit    system_stm32g0xx.o
    0x0800293e   0x0800293e   0x00000002   PAD
    0x08002940   0x08002940   0x00000048   Code   RO          252    .text.UARTEx_SetNbDataToProcess  stm32g0xx_hal_uart_ex.o
    0x08002988   0x08002988   0x000000d2   Code   RO           89    .text.UART_AdvFeatureConfig  stm32g0xx_hal_uart.o
    0x08002a5a   0x08002a5a   0x00000002   PAD
    0x08002a5c   0x08002a5c   0x00000070   Code   RO           91    .text.UART_CheckIdleState  stm32g0xx_hal_uart.o
    0x08002acc   0x08002acc   0x00000016   Code   RO          173    .text.UART_DMAAbortOnError  stm32g0xx_hal_uart.o
    0x08002ae2   0x08002ae2   0x00000056   Code   RO          129    .text.UART_DMAError  stm32g0xx_hal_uart.o
    0x08002b38   0x08002b38   0x0000008c   Code   RO          219    .text.UART_DMAReceiveCplt  stm32g0xx_hal_uart.o
    0x08002bc4   0x08002bc4   0x0000001c   Code   RO          221    .text.UART_DMARxHalfCplt  stm32g0xx_hal_uart.o
    0x08002be0   0x08002be0   0x00000060   Code   RO          143    .text.UART_EndRxTransfer  stm32g0xx_hal_uart.o
    0x08002c40   0x08002c40   0x0000002a   Code   RO          179    .text.UART_EndTransmit_IT  stm32g0xx_hal_uart.o
    0x08002c6a   0x08002c6a   0x00000038   Code   RO          141    .text.UART_EndTxTransfer  stm32g0xx_hal_uart.o
    0x08002ca2   0x08002ca2   0x00000002   PAD
    0x08002ca4   0x08002ca4   0x00000198   Code   RO           87    .text.UART_SetConfig  stm32g0xx_hal_uart.o
    0x08002e3c   0x08002e3c   0x000000ac   Code   RO          133    .text.UART_Start_Receive_DMA  stm32g0xx_hal_uart.o
    0x08002ee8   0x08002ee8   0x000000ee   Code   RO          105    .text.UART_WaitOnFlagUntilTimeout  stm32g0xx_hal_uart.o
    0x08002fd6   0x08002fd6   0x00000002   PAD
    0x08002fd8   0x08002fd8   0x0000000c   Code   RO           58    .text.USART2_IRQHandler  stm32g0xx_it.o
    0x08002fe4   0x08002fe4   0x00000018   Code   RO          570    .text.__NVIC_EnableIRQ  stm32g0xx_hal_cortex.o
    0x08002ffc   0x08002ffc   0x00000040   Code   RO          566    .text.__NVIC_SetPriority  stm32g0xx_hal_cortex.o
    0x0800303c   0x0800303c   0x000000fc   Code   RO          732    .text.air551g_dataGet  air551g.o
    0x08003138   0x08003138   0x00000084   Code   RO          730    .text.air551g_init  air551g.o
    0x080031bc   0x080031bc   0x0000006c   Code   RO          740    .text.air551g_prepareRptBuffer  air551g.o
    0x08003228   0x08003228   0x00000024   Code   RO          742    .text.air551g_rpt   air551g.o
    0x0800324c   0x0800324c   0x00000098   Code   RO          736    .text.gnss_getLocation  air551g.o
    0x080032e4   0x080032e4   0x00000128   Code   RO          764    .text.gnss_getMaidenhead  maidenhead.o
    0x0800340c   0x0800340c   0x00000074   Code   RO          738    .text.gnss_getSpeed  air551g.o
    0x08003480   0x08003480   0x0000018c   Code   RO          734    .text.gnss_getTimeDate  air551g.o
    0x0800360c   0x0800360c   0x0000001e   Code   RO           11    .text.main          main.o
    0x0800362a   0x0800362a   0x0000002e   Code   RO          852    i.__ARM_clz         mf_p.l(depilogue.o)
    0x08003658   0x08003658   0x0000000e   Code   RO          869    i.__scatterload_copy  mc_p.l(handlers.o)
    0x08003666   0x08003666   0x00000002   Code   RO          870    i.__scatterload_null  mc_p.l(handlers.o)
    0x08003668   0x08003668   0x0000000e   Code   RO          871    i.__scatterload_zeroinit  mc_p.l(handlers.o)
    0x08003676   0x08003676   0x0000000e   Code   RO          795    i._is_digit         mc_p.l(scanf_fp.o)
    0x08003684   0x08003684   0x00000040   Data   RO          865    .constdata          mc_p.l(ctype_c.o)
    0x080036c4   0x080036c4   0x00000040   Data   RO          720    .rodata.AHBPrescTable  system_stm32g0xx.o
    0x08003704   0x08003704   0x00000020   Data   RO          721    .rodata.APBPrescTable  system_stm32g0xx.o
    0x08003724   0x08003724   0x00000018   Data   RO          223    .rodata.UARTPrescTable  stm32g0xx_hal_uart.o
    0x0800373c   0x0800373c   0x00000010   Data   RO          266    .rodata.cst8        stm32g0xx_hal_uart_ex.o
    0x0800374c   0x0800374c   0x0000000b   Data   RO          755    .rodata.str1.1      air551g.o
    0x08003757   0x08003757   0x00000001   PAD
    0x08003758   0x08003758   0x00000020   Data   RO          868    Region$$Table       anon$$obj.o


    Execution Region RW_IRAM1 (Exec base: 0x20000000, Load base: 0x08003778, Size: 0x00000860, Max: 0x00002000, ABSOLUTE)

    Exec Addr    Load Addr    Size         Type   Attr      Idx    E Section Name        Object

    0x20000000   0x08003778   0x0000001c   Data   RW          749    .data.Init_GKC242   air551g.o
    0x2000001c   0x08003794   0x00000012   Data   RW          747    .data.Init_HotStartup  air551g.o
    0x2000002e   0x080037a6   0x00000012   Data   RW          744    .data.Init_SetRprtRate  air551g.o
    0x20000040   0x080037b8   0x00000014   Data   RW          748    .data.Init_Use_L1andL5  air551g.o
    0x20000054   0x080037cc   0x00000004   Data   RW          719    .data.SystemCoreClock  system_stm32g0xx.o
    0x20000058   0x080037d0   0x00000001   Data   RW          679    .data.uwTickFreq    stm32g0xx_hal.o
    0x20000059   0x080037d1   0x00000003   PAD
    0x2000005c   0x080037d4   0x00000004   Data   RW          678    .data.uwTickPrio    stm32g0xx_hal.o
    0x20000060        -       0x00000001   Zero   RW          753    .bss.bcc_Checksum   air551g.o
    0x20000061        -       0x0000000c   Zero   RW          754    .bss.commaPos       air551g.o
    0x2000006d   0x080037d8   0x00000003   PAD
    0x20000070        -       0x00000004   Zero   RW           27    .bss.counter        main.o
    0x20000074   0x080037d8   0x00000004   PAD
    0x20000078        -       0x00000060   Zero   RW           28    .bss.gnss           main.o
    0x200000d8        -       0x0000005c   Zero   RW           31    .bss.hdma_usart1_tx  main.o
    0x20000134        -       0x0000005c   Zero   RW           32    .bss.hdma_usart2_rx  main.o
    0x20000190        -       0x00000090   Zero   RW           29    .bss.huart1         main.o
    0x20000220        -       0x00000090   Zero   RW           30    .bss.huart2         main.o
    0x200002b0        -       0x00000002   Zero   RW          751    .bss.packSize       air551g.o
    0x200002b2   0x080037d8   0x00000002   PAD
    0x200002b4        -       0x00000078   Zero   RW          752    .bss.rptBuffer      air551g.o
    0x2000032c        -       0x0000012c   Zero   RW          750    .bss.rxBuffer       air551g.o
    0x20000458        -       0x00000004   Zero   RW          680    .bss.uwTick         stm32g0xx_hal.o
    0x2000045c   0x080037d8   0x00000004   PAD
    0x20000460        -       0x00000400   Zero   RW            1    STACK               startup_stm32g030xx.o


==============================================================================

Image component sizes


      Code (inc. data)   RO Data    RW Data    ZI Data      Debug   Object Name

      1192        128         11         84        435       4133   air551g.o
       296         36          0          0          0       1046   maidenhead.o
       554         36          0          0        572       7973   main.o
        28          8        192          0       1024        600   startup_stm32g030xx.o
       168          8          0          5          4       6741   stm32g0xx_hal.o
       152         16          0          0          0       6867   stm32g0xx_hal_cortex.o
       876         24          0          0          0       8466   stm32g0xx_hal_dma.o
       468         24          0          0          0       4774   stm32g0xx_hal_gpio.o
       364         24          0          0          0       6493   stm32g0xx_hal_msp.o
        76          4          0          0          0       4954   stm32g0xx_hal_pwr_ex.o
      1644         88          0          0          0       8619   stm32g0xx_hal_rcc.o
       388         16          0          0          0       6082   stm32g0xx_hal_rcc_ex.o
      2902        112         24          0          0      44379   stm32g0xx_hal_uart.o
       272          8         16          0          0      11621   stm32g0xx_hal_uart_ex.o
        70          8          0          0          0       1507   stm32g0xx_it.o
         2          0         96          4          0       1924   system_stm32g0xx.o

    ----------------------------------------------------------------------
      9470        540        372         96       2048     126179   Object Totals
         0          0         32          0          0          0   (incl. Generated)
        18          0          1          3         13          0   (incl. Padding)

    ----------------------------------------------------------------------

      Code (inc. data)   RO Data    RW Data    ZI Data      Debug   Library Member Name

        60         10          0          0          0         84   __0sscanf.o
        30          0          0          0          0         60   _chval.o
       824         12          0          0          0         84   _scanf.o
       330          0          0          0          0         84   _scanf_int.o
       232          0          0          0          0         84   _scanf_str.o
        68          0          0          0          0         76   _sgetc.o
        36          4         64          0          0         60   ctype_c.o
         0          0          0          0          0          0   entry.o
         0          0          0          0          0          0   entry10a.o
         0          0          0          0          0          0   entry11a.o
         8          4          0          0          0          0   entry2.o
         4          0          0          0          0          0   entry5.o
         0          0          0          0          0          0   entry7b.o
         0          0          0          0          0          0   entry8b.o
         8          4          0          0          0          0   entry9a.o
        30          0          0          0          0          0   handlers.o
        36          8          0          0          0         68   init.o
        14          0          0          0          0         68   isspace_c.o
         0          0          0          0          0          0   iusefp.o
        48          0          0          0          0         72   llmul.o
        32          0          0          0          0         68   llshl.o
        38          0          0          0          0         68   llsshr.o
        34          0          0          0          0         68   llushr.o
        36          0          0          0          0         60   memcpya.o
        36          0          0          0          0        100   memseta.o
        44          8          0          0          0         84   scanf_char.o
       898         14          0          0          0        184   scanf_fp.o
        62          0          0          0          0         72   uidiv_div0.o
        56          0          0          0          0         68   d2f.o
       356          4          0          0          0        140   dadd.o
       240          6          0          0          0         84   ddiv.o
       236          0          0          0          0        216   depilogue.o
        40          6          0          0          0         68   dflti.o
        28          6          0          0          0         68   dfltul.o
       208          6          0          0          0         88   dmul.o
        40          0          0          0          0         60   f2d.o
       130          0          0          0          0        144   fepilogue.o
        50          0          0          0          0         60   ffixi.o

    ----------------------------------------------------------------------
      4294         92         64          0          0       2440   Library Totals
         2          0          0          0          0          0   (incl. Padding)

    ----------------------------------------------------------------------

      Code (inc. data)   RO Data    RW Data    ZI Data      Debug   Library Name

      2908         64         64          0          0       1444   mc_p.l
      1384         28          0          0          0        996   mf_p.l

    ----------------------------------------------------------------------
      4294         92         64          0          0       2440   Library Totals

    ----------------------------------------------------------------------

==============================================================================


      Code (inc. data)   RO Data    RW Data    ZI Data      Debug   

     13764        632        436         96       2048     127259   Grand Totals
     13764        632        436         96       2048     127259   ELF Image Totals
     13764        632        436         96          0          0   ROM Totals

==============================================================================

    Total RO  Size (Code + RO Data)                14200 (  13.87kB)
    Total RW  Size (RW Data + ZI Data)              2144 (   2.09kB)
    Total ROM Size (Code + RO Data + RW Data)      14296 (  13.96kB)

==============================================================================

